BUILD: Computing Include file dependencies:
BUILD: Examining c:\nanospec\driver directory for files to compile.
Compiling c:\nanospec\driver directory ********************
'nmake.exe /c BUILDMSG=Stop. -i NTTEST= UMTEST= NOLINK=1 NOPASS0=1 386=1'
1>BUILDMSG: Processing c:\nanospec\driver
1>    rc -l 409 -DSXS_ASSEMBLY_NAME=""""""  -DSXS_ASSEMBLY_VERSION=""""""  -DSXS_ASSEMBLY_LANGUAGE=""""""  -DSXS_PROCESSOR_ARCHITECTURE="""x86"""  -DSXS_TARGET="""i8255.sys"""   -DSYSTEM_COMPATIBLE_ASSEMBLY_NAME="""Microsoft.Windows.SystemCompatible"""  -DLSYSTEM_COMPATIBLE_ASSEMBLY_NAME=L"""Microsoft.Windows.SystemCompatible"""   -z "MS Sans Serif,Helv/MS Shell Dlg"  -r -fo objchk_wxp_x86\i386\i8255.tmp -D_X86_=1 -Di386=1  -DSTD_CALL -DCONDITION_HANDLING=1   -DNT_INST=0 -DWIN32=100 -D_NT1X_=100 -DWINNT=1 -D_WIN32_WINNT=0x0501 /DWINVER=0x0501 -D_WIN32_IE=0x0600    -DWIN32_LEAN_AND_MEAN=1 -DDBG=1 -DDEVL=1 -D__BUILDMACHINE__=WinDDK -DFPO=0  -DNDEBUG -D_DLL=1    -IC:\WINDDK\2600~1.110\inc\mfc42 -Iobjchk_wxp_x86\i386 -IC:\WINDDK\2600~1.110\inc\wxp -IC:\WINDDK\2600~1.110\inc\wxp -IC:\WINDDK\2600~1.110\inc\ddk\wxp -IC:\WINDDK\2600~1.110\inc\ddk\wdm\wxp -IC:\WINDDK\2600~1.110\inc\crt .\i8255.rc
1>
1>
1>cl -nologo -Ii386\ -I. -IC:\WINDDK\2600~1.110\inc\mfc42 -Iobjchk_wxp_x86\i386 -IC:\WINDDK\2600~1.110\inc\wxp -IC:\WINDDK\2600~1.110\inc\wxp -IC:\WINDDK\2600~1.110\inc\ddk\wxp -IC:\WINDDK\2600~1.110\inc\ddk\wdm\wxp -IC:\WINDDK\2600~1.110\inc\crt -D_X86_=1 -Di386=1  -DSTD_CALL -DCONDITION_HANDLING=1   -DNT_INST=0 -DWIN32=100 -D_NT1X_=100 -DWINNT=1 -D_WIN32_WINNT=0x0501 /DWINVER=0x0501 -D_WIN32_IE=0x0600    -DWIN32_LEAN_AND_MEAN=1 -DDBG=1 -DDEVL=1 -D__BUILDMACHINE__=WinDDK -DFPO=0  -DNDEBUG -D_DLL=1      /c /Zel /Zp8 /Gy -cbstring /W3 /WX /Gz  /QIfdiv- /QIf /G6 /Gi- /Gm- /GX-  /GR- /GF  -Z7 /Od /Oi /Oy-   -FIC:\WINDDK\2600~1.110\inc\wxp\warning.h   .\i8255.c 
1>i8255.c
1>
1>Stop.
Linking c:\nanospec\driver directory ********************
'nmake.exe /c BUILDMSG=Stop. -i LINKONLY=1 NOPASS0=1 NTTEST= UMTEST= 386=1'
1>	link -out:objchk_wxp_x86\i386\i8255.sys -machine:ix86 @C:\DOCUME~1\ADMINI~1\LOCALS~1\Temp\nma02672.
1>Microsoft (R) Incremental Linker Version 7.00.9210
1>Copyright (C) Microsoft Corporation.  All rights reserved.
1>
1>-MERGE:_PAGE=PAGE 
1>-MERGE:_TEXT=.text 
1>-SECTION:INIT,d 
1>-OPT:REF 
1>-OPT:ICF 
1>-IGNORE:4010,4037,4039,4065,4070,4078,4087,4089,4198,4221 
1>-INCREMENTAL:NO 
1>-FULLBUILD 
1>/release 
1>-NODEFAULTLIB 
1>/WX 
1>-debug:FULL 
1>-debugtype:cv 
1>-version:5.1 
1>-osversion:5.1 
1>/opt:nowin98 
1>-STACK:0x40000,0x1000 
1>-driver 
1>-base:0x10000 
1>-align:0x80 
1>-subsystem:native,5.01 
1>-entry:DriverEntry@8 
1>-out:objchk_wxp_x86\i386\i8255.sys 
1>objchk_wxp_x86\i386\i8255.res 
1>objchk_wxp_x86\i386\i8255.obj 
1>C:\WINDDK\2600~1.110\lib\wxp\i386\ntoskrnl.lib 
1>C:\WINDDK\2600~1.110\lib\wxp\i386\hal.lib 
1>C:\WINDDK\2600~1.110\lib\wxp\i386\wmilib.lib 
1>Skip Binplace:
1>
1>Stop.
