[StageProgram]
Name=NanoSTD_#0
NumScans=15
SampleName=NanoStandard
SampleShape=0
SampleThickness=700.000
SampleSize_X=200000.000
SampleSize_Y=20000.000
SampleOrigin_X=-169126
SampleOrigin_Y=-319252
MachineOrgSensorLoc=2
OriginPosition=1
CoordinateDirection_X=2
CoordinateDirection_Y=3
HeadType=99
ScanType=0
Lens=0
DeskewMode=0
DeskewFailOption=0
AutoDeskew1Position_bDefined=FALSE
AutoDeskew1Position_X=0
AutoDeskew1Position_Y=0
AutoDeskew1Size=0
AutoDeskew2Position_bDefined=FALSE
AutoDeskew2Position_X=0
AutoDeskew2Position_Y=0
AutoDeskew2Size=0
ManualDeskew1Position_bDefined=FALSE
ManualDeskew1Position_X=0
ManualDeskew1Position_Y=0
ManualDeskew2Position_bDefined=FALSE
ManualDeskew2Position_X=0
ManualDeskew2Position_Y=0
SitePatternMode=0
SitePrFailOption=0
Comment=
ElasticModulusName=
ElasticModulusValue=0.000
[Point]
1:-40000,5000
2:-40000,5000
3:-40000,5000
4:-40000,5000
5:-40000,5000
6:-40000,5000
7:-40000,5000
8:-40000,5000
9:-40000,5000
10:-40000,5000
11:-40000,5000
12:-40000,5000
13:-40000,5000
14:-40000,5000
15:-40000,5000

