[StageProgram]
Name=trans_1p
NumScans=1
SampleName=G 550x650
SampleShape=0
SampleThickness=500.000
SampleSize_X=550000.000
SampleSize_Y=650000.000
SampleOrigin_X=0
SampleOrigin_Y=0
MachineOrgSensorLoc=2
OriginPosition=1
CoordinateDirection_X=2
CoordinateDirection_Y=3
HeadType=0
ScanType=3
Lens=0
DeskewMode=0
DeskewFailOption=0
AutoDeskew1Position_bDefined=FALSE
AutoDeskew1Position_X=0
AutoDeskew1Position_Y=0
AutoDeskew1Size=0
AutoDeskew2Position_bDefined=FALSE
AutoDeskew2Position_X=0
AutoDeskew2Position_Y=0
AutoDeskew2Size=0
ManualDeskew1Position_bDefined=FALSE
ManualDeskew1Position_X=0
ManualDeskew1Position_Y=0
ManualDeskew2Position_bDefined=FALSE
ManualDeskew2Position_X=0
ManualDeskew2Position_Y=0
SitePatternMode=0
SitePrFailOption=0
Comment=
ElasticModulusName=
ElasticModulusValue=0.000
[Point]
1:0,25000

