[StageProgram]
Name=Z-Map 924p 20mmp
NumScans=924
SampleName=G 550x650
SampleShape=0
SampleThickness=500.000
SampleSize_X=550000.000
SampleSize_Y=650000.000
SampleOrigin_X=0
SampleOrigin_Y=0
MachineOrgSensorLoc=2
OriginPosition=1
CoordinateDirection_X=2
CoordinateDirection_Y=3
HeadType=99
ScanType=0
Lens=0
DeskewMode=0
DeskewFailOption=0
AutoDeskew1Position_bDefined=FALSE
AutoDeskew1Position_X=0
AutoDeskew1Position_Y=0
AutoDeskew1Size=0
AutoDeskew2Position_bDefined=FALSE
AutoDeskew2Position_X=0
AutoDeskew2Position_Y=0
AutoDeskew2Size=0
ManualDeskew1Position_bDefined=FALSE
ManualDeskew1Position_X=0
ManualDeskew1Position_Y=0
ManualDeskew2Position_bDefined=FALSE
ManualDeskew2Position_X=0
ManualDeskew2Position_Y=0
SitePatternMode=0
SitePrFailOption=0
Comment=
ElasticModulusName=
ElasticModulusValue=0.000
[Point]
1:270000,320000
2:250000,320000
3:230000,320000
4:210000,320000
5:190000,320000
6:170000,320000
7:150000,320000
8:130000,320000
9:110000,320000
10:90000,320000
11:70000,320000
12:50000,320000
13:30000,320000
14:10000,320000
15:-10000,320000
16:-30000,320000
17:-50000,320000
18:-70000,320000
19:-90000,320000
20:-110000,320000
21:-130000,320000
22:-150000,320000
23:-170000,320000
24:-190000,320000
25:-210000,320000
26:-230000,320000
27:-250000,320000
28:-270000,320000
29:-270000,300000
30:-250000,300000
31:-230000,300000
32:-210000,300000
33:-190000,300000
34:-170000,300000
35:-150000,300000
36:-130000,300000
37:-110000,300000
38:-90000,300000
39:-70000,300000
40:-50000,300000
41:-30000,300000
42:-10000,300000
43:10000,300000
44:30000,300000
45:50000,300000
46:70000,300000
47:90000,300000
48:110000,300000
49:130000,300000
50:150000,300000
51:170000,300000
52:190000,300000
53:210000,300000
54:230000,300000
55:250000,300000
56:270000,300000
57:270000,280000
58:250000,280000
59:230000,280000
60:210000,280000
61:190000,280000
62:170000,280000
63:150000,280000
64:130000,280000
65:110000,280000
66:90000,280000
67:70000,280000
68:50000,280000
69:30000,280000
70:10000,280000
71:-10000,280000
72:-30000,280000
73:-50000,280000
74:-70000,280000
75:-90000,280000
76:-110000,280000
77:-130000,280000
78:-150000,280000
79:-170000,280000
80:-190000,280000
81:-210000,280000
82:-230000,280000
83:-250000,280000
84:-270000,280000
85:-270000,260000
86:-250000,260000
87:-230000,260000
88:-210000,260000
89:-190000,260000
90:-170000,260000
91:-150000,260000
92:-130000,260000
93:-110000,260000
94:-90000,260000
95:-70000,260000
96:-50000,260000
97:-30000,260000
98:-10000,260000
99:10000,260000
100:30000,260000
101:50000,260000
102:70000,260000
103:90000,260000
104:110000,260000
105:130000,260000
106:150000,260000
107:170000,260000
108:190000,260000
109:210000,260000
110:230000,260000
111:250000,260000
112:270000,260000
113:270000,240000
114:250000,240000
115:230000,240000
116:210000,240000
117:190000,240000
118:170000,240000
119:150000,240000
120:130000,240000
121:110000,240000
122:90000,240000
123:70000,240000
124:50000,240000
125:30000,240000
126:10000,240000
127:-10000,240000
128:-30000,240000
129:-50000,240000
130:-70000,240000
131:-90000,240000
132:-110000,240000
133:-130000,240000
134:-150000,240000
135:-170000,240000
136:-190000,240000
137:-210000,240000
138:-230000,240000
139:-250000,240000
140:-270000,240000
141:-270000,220000
142:-250000,220000
143:-230000,220000
144:-210000,220000
145:-190000,220000
146:-170000,220000
147:-150000,220000
148:-130000,220000
149:-110000,220000
150:-90000,220000
151:-70000,220000
152:-50000,220000
153:-30000,220000
154:-10000,220000
155:10000,220000
156:30000,220000
157:50000,220000
158:70000,220000
159:90000,220000
160:110000,220000
161:130000,220000
162:150000,220000
163:170000,220000
164:190000,220000
165:210000,220000
166:230000,220000
167:250000,220000
168:270000,220000
169:270000,200000
170:250000,200000
171:230000,200000
172:210000,200000
173:190000,200000
174:170000,200000
175:150000,200000
176:130000,200000
177:110000,200000
178:90000,200000
179:70000,200000
180:50000,200000
181:30000,200000
182:10000,200000
183:-10000,200000
184:-30000,200000
185:-50000,200000
186:-70000,200000
187:-90000,200000
188:-110000,200000
189:-130000,200000
190:-150000,200000
191:-170000,200000
192:-190000,200000
193:-210000,200000
194:-230000,200000
195:-250000,200000
196:-270000,200000
197:-270000,180000
198:-250000,180000
199:-230000,180000
200:-210000,180000
201:-190000,180000
202:-170000,180000
203:-150000,180000
204:-130000,180000
205:-110000,180000
206:-90000,180000
207:-70000,180000
208:-50000,180000
209:-30000,180000
210:-10000,180000
211:10000,180000
212:30000,180000
213:50000,180000
214:70000,180000
215:90000,180000
216:110000,180000
217:130000,180000
218:150000,180000
219:170000,180000
220:190000,180000
221:210000,180000
222:230000,180000
223:250000,180000
224:270000,180000
225:270000,160000
226:250000,160000
227:230000,160000
228:210000,160000
229:190000,160000
230:170000,160000
231:150000,160000
232:130000,160000
233:110000,160000
234:90000,160000
235:70000,160000
236:50000,160000
237:30000,160000
238:10000,160000
239:-10000,160000
240:-30000,160000
241:-50000,160000
242:-70000,160000
243:-90000,160000
244:-110000,160000
245:-130000,160000
246:-150000,160000
247:-170000,160000
248:-190000,160000
249:-210000,160000
250:-230000,160000
251:-250000,160000
252:-270000,160000
253:-270000,140000
254:-250000,140000
255:-230000,140000
256:-210000,140000
257:-190000,140000
258:-170000,140000
259:-150000,140000
260:-130000,140000
261:-110000,140000
262:-90000,140000
263:-70000,140000
264:-50000,140000
265:-30000,140000
266:-10000,140000
267:10000,140000
268:30000,140000
269:50000,140000
270:70000,140000
271:90000,140000
272:110000,140000
273:130000,140000
274:150000,140000
275:170000,140000
276:190000,140000
277:210000,140000
278:230000,140000
279:250000,140000
280:270000,140000
281:270000,120000
282:250000,120000
283:230000,120000
284:210000,120000
285:190000,120000
286:170000,120000
287:150000,120000
288:130000,120000
289:110000,120000
290:90000,120000
291:70000,120000
292:50000,120000
293:30000,120000
294:10000,120000
295:-10000,120000
296:-30000,120000
297:-50000,120000
298:-70000,120000
299:-90000,120000
300:-110000,120000
301:-130000,120000
302:-150000,120000
303:-170000,120000
304:-190000,120000
305:-210000,120000
306:-230000,120000
307:-250000,120000
308:-270000,120000
309:-270000,100000
310:-250000,100000
311:-230000,100000
312:-210000,100000
313:-190000,100000
314:-170000,100000
315:-150000,100000
316:-130000,100000
317:-110000,100000
318:-90000,100000
319:-70000,100000
320:-50000,100000
321:-30000,100000
322:-10000,100000
323:10000,100000
324:30000,100000
325:50000,100000
326:70000,100000
327:90000,100000
328:110000,100000
329:130000,100000
330:150000,100000
331:170000,100000
332:190000,100000
333:210000,100000
334:230000,100000
335:250000,100000
336:270000,100000
337:270000,80000
338:250000,80000
339:230000,80000
340:210000,80000
341:190000,80000
342:170000,80000
343:150000,80000
344:130000,80000
345:110000,80000
346:90000,80000
347:70000,80000
348:50000,80000
349:30000,80000
350:10000,80000
351:-10000,80000
352:-30000,80000
353:-50000,80000
354:-70000,80000
355:-90000,80000
356:-110000,80000
357:-130000,80000
358:-150000,80000
359:-170000,80000
360:-190000,80000
361:-210000,80000
362:-230000,80000
363:-250000,80000
364:-270000,80000
365:-270000,60000
366:-250000,60000
367:-230000,60000
368:-210000,60000
369:-190000,60000
370:-170000,60000
371:-150000,60000
372:-130000,60000
373:-110000,60000
374:-90000,60000
375:-70000,60000
376:-50000,60000
377:-30000,60000
378:-10000,60000
379:10000,60000
380:30000,60000
381:50000,60000
382:70000,60000
383:90000,60000
384:110000,60000
385:130000,60000
386:150000,60000
387:170000,60000
388:190000,60000
389:210000,60000
390:230000,60000
391:250000,60000
392:270000,60000
393:270000,40000
394:250000,40000
395:230000,40000
396:210000,40000
397:190000,40000
398:170000,40000
399:150000,40000
400:130000,40000
401:110000,40000
402:90000,40000
403:70000,40000
404:50000,40000
405:30000,40000
406:10000,40000
407:-10000,40000
408:-30000,40000
409:-50000,40000
410:-70000,40000
411:-90000,40000
412:-110000,40000
413:-130000,40000
414:-150000,40000
415:-170000,40000
416:-190000,40000
417:-210000,40000
418:-230000,40000
419:-250000,40000
420:-270000,40000
421:-270000,20000
422:-250000,20000
423:-230000,20000
424:-210000,20000
425:-190000,20000
426:-170000,20000
427:-150000,20000
428:-130000,20000
429:-110000,20000
430:-90000,20000
431:-70000,20000
432:-50000,20000
433:-30000,20000
434:-10000,20000
435:10000,20000
436:30000,20000
437:50000,20000
438:70000,20000
439:90000,20000
440:110000,20000
441:130000,20000
442:150000,20000
443:170000,20000
444:190000,20000
445:210000,20000
446:230000,20000
447:250000,20000
448:270000,20000
449:270000,0
450:250000,0
451:230000,0
452:210000,0
453:190000,0
454:170000,0
455:150000,0
456:130000,0
457:110000,0
458:90000,0
459:70000,0
460:50000,0
461:30000,0
462:10000,0
463:-10000,0
464:-30000,0
465:-50000,0
466:-70000,0
467:-90000,0
468:-110000,0
469:-130000,0
470:-150000,0
471:-170000,0
472:-190000,0
473:-210000,0
474:-230000,0
475:-250000,0
476:-270000,0
477:-270000,-20000
478:-250000,-20000
479:-230000,-20000
480:-210000,-20000
481:-190000,-20000
482:-170000,-20000
483:-150000,-20000
484:-130000,-20000
485:-110000,-20000
486:-90000,-20000
487:-70000,-20000
488:-50000,-20000
489:-30000,-20000
490:-10000,-20000
491:10000,-20000
492:30000,-20000
493:50000,-20000
494:70000,-20000
495:90000,-20000
496:110000,-20000
497:130000,-20000
498:150000,-20000
499:170000,-20000
500:190000,-20000
501:210000,-20000
502:230000,-20000
503:250000,-20000
504:270000,-20000
505:270000,-40000
506:250000,-40000
507:230000,-40000
508:210000,-40000
509:190000,-40000
510:170000,-40000
511:150000,-40000
512:130000,-40000
513:110000,-40000
514:90000,-40000
515:70000,-40000
516:50000,-40000
517:30000,-40000
518:10000,-40000
519:-10000,-40000
520:-30000,-40000
521:-50000,-40000
522:-70000,-40000
523:-90000,-40000
524:-110000,-40000
525:-130000,-40000
526:-150000,-40000
527:-170000,-40000
528:-190000,-40000
529:-210000,-40000
530:-230000,-40000
531:-250000,-40000
532:-270000,-40000
533:-270000,-60000
534:-250000,-60000
535:-230000,-60000
536:-210000,-60000
537:-190000,-60000
538:-170000,-60000
539:-150000,-60000
540:-130000,-60000
541:-110000,-60000
542:-90000,-60000
543:-70000,-60000
544:-50000,-60000
545:-30000,-60000
546:-10000,-60000
547:10000,-60000
548:30000,-60000
549:50000,-60000
550:70000,-60000
551:90000,-60000
552:110000,-60000
553:130000,-60000
554:150000,-60000
555:170000,-60000
556:190000,-60000
557:210000,-60000
558:230000,-60000
559:250000,-60000
560:270000,-60000
561:270000,-80000
562:250000,-80000
563:230000,-80000
564:210000,-80000
565:190000,-80000
566:170000,-80000
567:150000,-80000
568:130000,-80000
569:110000,-80000
570:90000,-80000
571:70000,-80000
572:50000,-80000
573:30000,-80000
574:10000,-80000
575:-10000,-80000
576:-30000,-80000
577:-50000,-80000
578:-70000,-80000
579:-90000,-80000
580:-110000,-80000
581:-130000,-80000
582:-150000,-80000
583:-170000,-80000
584:-190000,-80000
585:-210000,-80000
586:-230000,-80000
587:-250000,-80000
588:-270000,-80000
589:-270000,-100000
590:-250000,-100000
591:-230000,-100000
592:-210000,-100000
593:-190000,-100000
594:-170000,-100000
595:-150000,-100000
596:-130000,-100000
597:-110000,-100000
598:-90000,-100000
599:-70000,-100000
600:-50000,-100000
601:-30000,-100000
602:-10000,-100000
603:10000,-100000
604:30000,-100000
605:50000,-100000
606:70000,-100000
607:90000,-100000
608:110000,-100000
609:130000,-100000
610:150000,-100000
611:170000,-100000
612:190000,-100000
613:210000,-100000
614:230000,-100000
615:250000,-100000
616:270000,-100000
617:270000,-120000
618:250000,-120000
619:230000,-120000
620:210000,-120000
621:190000,-120000
622:170000,-120000
623:150000,-120000
624:130000,-120000
625:110000,-120000
626:90000,-120000
627:70000,-120000
628:50000,-120000
629:30000,-120000
630:10000,-120000
631:-10000,-120000
632:-30000,-120000
633:-50000,-120000
634:-70000,-120000
635:-90000,-120000
636:-110000,-120000
637:-130000,-120000
638:-150000,-120000
639:-170000,-120000
640:-190000,-120000
641:-210000,-120000
642:-230000,-120000
643:-250000,-120000
644:-270000,-120000
645:-270000,-140000
646:-250000,-140000
647:-230000,-140000
648:-210000,-140000
649:-190000,-140000
650:-170000,-140000
651:-150000,-140000
652:-130000,-140000
653:-110000,-140000
654:-90000,-140000
655:-70000,-140000
656:-50000,-140000
657:-30000,-140000
658:-10000,-140000
659:10000,-140000
660:30000,-140000
661:50000,-140000
662:70000,-140000
663:90000,-140000
664:110000,-140000
665:130000,-140000
666:150000,-140000
667:170000,-140000
668:190000,-140000
669:210000,-140000
670:230000,-140000
671:250000,-140000
672:270000,-140000
673:270000,-160000
674:250000,-160000
675:230000,-160000
676:210000,-160000
677:190000,-160000
678:170000,-160000
679:150000,-160000
680:130000,-160000
681:110000,-160000
682:90000,-160000
683:70000,-160000
684:50000,-160000
685:30000,-160000
686:10000,-160000
687:-10000,-160000
688:-30000,-160000
689:-50000,-160000
690:-70000,-160000
691:-90000,-160000
692:-110000,-160000
693:-130000,-160000
694:-150000,-160000
695:-170000,-160000
696:-190000,-160000
697:-210000,-160000
698:-230000,-160000
699:-250000,-160000
700:-270000,-160000
701:-270000,-180000
702:-250000,-180000
703:-230000,-180000
704:-210000,-180000
705:-190000,-180000
706:-170000,-180000
707:-150000,-180000
708:-130000,-180000
709:-110000,-180000
710:-90000,-180000
711:-70000,-180000
712:-50000,-180000
713:-30000,-180000
714:-10000,-180000
715:10000,-180000
716:30000,-180000
717:50000,-180000
718:70000,-180000
719:90000,-180000
720:110000,-180000
721:130000,-180000
722:150000,-180000
723:170000,-180000
724:190000,-180000
725:210000,-180000
726:230000,-180000
727:250000,-180000
728:270000,-180000
729:270000,-200000
730:250000,-200000
731:230000,-200000
732:210000,-200000
733:190000,-200000
734:170000,-200000
735:150000,-200000
736:130000,-200000
737:110000,-200000
738:90000,-200000
739:70000,-200000
740:50000,-200000
741:30000,-200000
742:10000,-200000
743:-10000,-200000
744:-30000,-200000
745:-50000,-200000
746:-70000,-200000
747:-90000,-200000
748:-110000,-200000
749:-130000,-200000
750:-150000,-200000
751:-170000,-200000
752:-190000,-200000
753:-210000,-200000
754:-230000,-200000
755:-250000,-200000
756:-270000,-200000
757:-270000,-220000
758:-250000,-220000
759:-230000,-220000
760:-210000,-220000
761:-190000,-220000
762:-170000,-220000
763:-150000,-220000
764:-130000,-220000
765:-110000,-220000
766:-90000,-220000
767:-70000,-220000
768:-50000,-220000
769:-30000,-220000
770:-10000,-220000
771:10000,-220000
772:30000,-220000
773:50000,-220000
774:70000,-220000
775:90000,-220000
776:110000,-220000
777:130000,-220000
778:150000,-220000
779:170000,-220000
780:190000,-220000
781:210000,-220000
782:230000,-220000
783:250000,-220000
784:270000,-220000
785:270000,-240000
786:250000,-240000
787:230000,-240000
788:210000,-240000
789:190000,-240000
790:170000,-240000
791:150000,-240000
792:130000,-240000
793:110000,-240000
794:90000,-240000
795:70000,-240000
796:50000,-240000
797:30000,-240000
798:10000,-240000
799:-10000,-240000
800:-30000,-240000
801:-50000,-240000
802:-70000,-240000
803:-90000,-240000
804:-110000,-240000
805:-130000,-240000
806:-150000,-240000
807:-170000,-240000
808:-190000,-240000
809:-210000,-240000
810:-230000,-240000
811:-250000,-240000
812:-270000,-240000
813:-270000,-260000
814:-250000,-260000
815:-230000,-260000
816:-210000,-260000
817:-190000,-260000
818:-170000,-260000
819:-150000,-260000
820:-130000,-260000
821:-110000,-260000
822:-90000,-260000
823:-70000,-260000
824:-50000,-260000
825:-30000,-260000
826:-10000,-260000
827:10000,-260000
828:30000,-260000
829:50000,-260000
830:70000,-260000
831:90000,-260000
832:110000,-260000
833:130000,-260000
834:150000,-260000
835:170000,-260000
836:190000,-260000
837:210000,-260000
838:230000,-260000
839:250000,-260000
840:270000,-260000
841:270000,-280000
842:250000,-280000
843:230000,-280000
844:210000,-280000
845:190000,-280000
846:170000,-280000
847:150000,-280000
848:130000,-280000
849:110000,-280000
850:90000,-280000
851:70000,-280000
852:50000,-280000
853:30000,-280000
854:10000,-280000
855:-10000,-280000
856:-30000,-280000
857:-50000,-280000
858:-70000,-280000
859:-90000,-280000
860:-110000,-280000
861:-130000,-280000
862:-150000,-280000
863:-170000,-280000
864:-190000,-280000
865:-210000,-280000
866:-230000,-280000
867:-250000,-280000
868:-270000,-280000
869:-270000,-300000
870:-250000,-300000
871:-230000,-300000
872:-210000,-300000
873:-190000,-300000
874:-170000,-300000
875:-150000,-300000
876:-130000,-300000
877:-110000,-300000
878:-90000,-300000
879:-70000,-300000
880:-50000,-300000
881:-30000,-300000
882:-10000,-300000
883:10000,-300000
884:30000,-300000
885:50000,-300000
886:70000,-300000
887:90000,-300000
888:110000,-300000
889:130000,-300000
890:150000,-300000
891:170000,-300000
892:190000,-300000
893:210000,-300000
894:230000,-300000
895:250000,-300000
896:270000,-300000
897:270000,-320000
898:250000,-320000
899:230000,-320000
900:210000,-320000
901:190000,-320000
902:170000,-320000
903:150000,-320000
904:130000,-320000
905:110000,-320000
906:90000,-320000
907:70000,-320000
908:50000,-320000
909:30000,-320000
910:10000,-320000
911:-10000,-320000
912:-30000,-320000
913:-50000,-320000
914:-70000,-320000
915:-90000,-320000
916:-110000,-320000
917:-130000,-320000
918:-150000,-320000
919:-170000,-320000
920:-190000,-320000
921:-210000,-320000
922:-230000,-320000
923:-250000,-320000
924:-270000,-320000

