[StageProgram]
Name=Z-Map 3575p 10mmp
NumScans=3575
SampleName=G 550x650
SampleShape=0
SampleThickness=500.000
SampleSize_X=550000.000
SampleSize_Y=650000.000
SampleOrigin_X=0
SampleOrigin_Y=0
MachineOrgSensorLoc=2
OriginPosition=1
CoordinateDirection_X=2
CoordinateDirection_Y=3
HeadType=99
ScanType=0
Lens=0
DeskewMode=0
DeskewFailOption=0
AutoDeskew1Position_bDefined=FALSE
AutoDeskew1Position_X=0
AutoDeskew1Position_Y=0
AutoDeskew1Size=0
AutoDeskew2Position_bDefined=FALSE
AutoDeskew2Position_X=0
AutoDeskew2Position_Y=0
AutoDeskew2Size=0
ManualDeskew1Position_bDefined=FALSE
ManualDeskew1Position_X=0
ManualDeskew1Position_Y=0
ManualDeskew2Position_bDefined=FALSE
ManualDeskew2Position_X=0
ManualDeskew2Position_Y=0
SitePatternMode=0
SitePrFailOption=0
Comment=
ElasticModulusName=
ElasticModulusValue=0.000
[Point]
1:270000,320000
2:260000,320000
3:250000,320000
4:240000,320000
5:230000,320000
6:220000,320000
7:210000,320000
8:200000,320000
9:190000,320000
10:180000,320000
11:170000,320000
12:160000,320000
13:150000,320000
14:140000,320000
15:130000,320000
16:120000,320000
17:110000,320000
18:100000,320000
19:90000,320000
20:80000,320000
21:70000,320000
22:60000,320000
23:50000,320000
24:40000,320000
25:30000,320000
26:20000,320000
27:10000,320000
28:0,320000
29:-10000,320000
30:-20000,320000
31:-30000,320000
32:-40000,320000
33:-50000,320000
34:-60000,320000
35:-70000,320000
36:-80000,320000
37:-90000,320000
38:-100000,320000
39:-110000,320000
40:-120000,320000
41:-130000,320000
42:-140000,320000
43:-150000,320000
44:-160000,320000
45:-170000,320000
46:-180000,320000
47:-190000,320000
48:-200000,320000
49:-210000,320000
50:-220000,320000
51:-230000,320000
52:-240000,320000
53:-250000,320000
54:-260000,320000
55:-270000,320000
56:-270000,310000
57:-260000,310000
58:-250000,310000
59:-240000,310000
60:-230000,310000
61:-220000,310000
62:-210000,310000
63:-200000,310000
64:-190000,310000
65:-180000,310000
66:-170000,310000
67:-160000,310000
68:-150000,310000
69:-140000,310000
70:-130000,310000
71:-120000,310000
72:-110000,310000
73:-100000,310000
74:-90000,310000
75:-80000,310000
76:-70000,310000
77:-60000,310000
78:-50000,310000
79:-40000,310000
80:-30000,310000
81:-20000,310000
82:-10000,310000
83:0,310000
84:10000,310000
85:20000,310000
86:30000,310000
87:40000,310000
88:50000,310000
89:60000,310000
90:70000,310000
91:80000,310000
92:90000,310000
93:100000,310000
94:110000,310000
95:120000,310000
96:130000,310000
97:140000,310000
98:150000,310000
99:160000,310000
100:170000,310000
101:180000,310000
102:190000,310000
103:200000,310000
104:210000,310000
105:220000,310000
106:230000,310000
107:240000,310000
108:250000,310000
109:260000,310000
110:270000,310000
111:270000,300000
112:260000,300000
113:250000,300000
114:240000,300000
115:230000,300000
116:220000,300000
117:210000,300000
118:200000,300000
119:190000,300000
120:180000,300000
121:170000,300000
122:160000,300000
123:150000,300000
124:140000,300000
125:130000,300000
126:120000,300000
127:110000,300000
128:100000,300000
129:90000,300000
130:80000,300000
131:70000,300000
132:60000,300000
133:50000,300000
134:40000,300000
135:30000,300000
136:20000,300000
137:10000,300000
138:0,300000
139:-10000,300000
140:-20000,300000
141:-30000,300000
142:-40000,300000
143:-50000,300000
144:-60000,300000
145:-70000,300000
146:-80000,300000
147:-90000,300000
148:-100000,300000
149:-110000,300000
150:-120000,300000
151:-130000,300000
152:-140000,300000
153:-150000,300000
154:-160000,300000
155:-170000,300000
156:-180000,300000
157:-190000,300000
158:-200000,300000
159:-210000,300000
160:-220000,300000
161:-230000,300000
162:-240000,300000
163:-250000,300000
164:-260000,300000
165:-270000,300000
166:-270000,290000
167:-260000,290000
168:-250000,290000
169:-240000,290000
170:-230000,290000
171:-220000,290000
172:-210000,290000
173:-200000,290000
174:-190000,290000
175:-180000,290000
176:-170000,290000
177:-160000,290000
178:-150000,290000
179:-140000,290000
180:-130000,290000
181:-120000,290000
182:-110000,290000
183:-100000,290000
184:-90000,290000
185:-80000,290000
186:-70000,290000
187:-60000,290000
188:-50000,290000
189:-40000,290000
190:-30000,290000
191:-20000,290000
192:-10000,290000
193:0,290000
194:10000,290000
195:20000,290000
196:30000,290000
197:40000,290000
198:50000,290000
199:60000,290000
200:70000,290000
201:80000,290000
202:90000,290000
203:100000,290000
204:110000,290000
205:120000,290000
206:130000,290000
207:140000,290000
208:150000,290000
209:160000,290000
210:170000,290000
211:180000,290000
212:190000,290000
213:200000,290000
214:210000,290000
215:220000,290000
216:230000,290000
217:240000,290000
218:250000,290000
219:260000,290000
220:270000,290000
221:270000,280000
222:260000,280000
223:250000,280000
224:240000,280000
225:230000,280000
226:220000,280000
227:210000,280000
228:200000,280000
229:190000,280000
230:180000,280000
231:170000,280000
232:160000,280000
233:150000,280000
234:140000,280000
235:130000,280000
236:120000,280000
237:110000,280000
238:100000,280000
239:90000,280000
240:80000,280000
241:70000,280000
242:60000,280000
243:50000,280000
244:40000,280000
245:30000,280000
246:20000,280000
247:10000,280000
248:0,280000
249:-10000,280000
250:-20000,280000
251:-30000,280000
252:-40000,280000
253:-50000,280000
254:-60000,280000
255:-70000,280000
256:-80000,280000
257:-90000,280000
258:-100000,280000
259:-110000,280000
260:-120000,280000
261:-130000,280000
262:-140000,280000
263:-150000,280000
264:-160000,280000
265:-170000,280000
266:-180000,280000
267:-190000,280000
268:-200000,280000
269:-210000,280000
270:-220000,280000
271:-230000,280000
272:-240000,280000
273:-250000,280000
274:-260000,280000
275:-270000,280000
276:-270000,270000
277:-260000,270000
278:-250000,270000
279:-240000,270000
280:-230000,270000
281:-220000,270000
282:-210000,270000
283:-200000,270000
284:-190000,270000
285:-180000,270000
286:-170000,270000
287:-160000,270000
288:-150000,270000
289:-140000,270000
290:-130000,270000
291:-120000,270000
292:-110000,270000
293:-100000,270000
294:-90000,270000
295:-80000,270000
296:-70000,270000
297:-60000,270000
298:-50000,270000
299:-40000,270000
300:-30000,270000
301:-20000,270000
302:-10000,270000
303:0,270000
304:10000,270000
305:20000,270000
306:30000,270000
307:40000,270000
308:50000,270000
309:60000,270000
310:70000,270000
311:80000,270000
312:90000,270000
313:100000,270000
314:110000,270000
315:120000,270000
316:130000,270000
317:140000,270000
318:150000,270000
319:160000,270000
320:170000,270000
321:180000,270000
322:190000,270000
323:200000,270000
324:210000,270000
325:220000,270000
326:230000,270000
327:240000,270000
328:250000,270000
329:260000,270000
330:270000,270000
331:270000,260000
332:260000,260000
333:250000,260000
334:240000,260000
335:230000,260000
336:220000,260000
337:210000,260000
338:200000,260000
339:190000,260000
340:180000,260000
341:170000,260000
342:160000,260000
343:150000,260000
344:140000,260000
345:130000,260000
346:120000,260000
347:110000,260000
348:100000,260000
349:90000,260000
350:80000,260000
351:70000,260000
352:60000,260000
353:50000,260000
354:40000,260000
355:30000,260000
356:20000,260000
357:10000,260000
358:0,260000
359:-10000,260000
360:-20000,260000
361:-30000,260000
362:-40000,260000
363:-50000,260000
364:-60000,260000
365:-70000,260000
366:-80000,260000
367:-90000,260000
368:-100000,260000
369:-110000,260000
370:-120000,260000
371:-130000,260000
372:-140000,260000
373:-150000,260000
374:-160000,260000
375:-170000,260000
376:-180000,260000
377:-190000,260000
378:-200000,260000
379:-210000,260000
380:-220000,260000
381:-230000,260000
382:-240000,260000
383:-250000,260000
384:-260000,260000
385:-270000,260000
386:-270000,250000
387:-260000,250000
388:-250000,250000
389:-240000,250000
390:-230000,250000
391:-220000,250000
392:-210000,250000
393:-200000,250000
394:-190000,250000
395:-180000,250000
396:-170000,250000
397:-160000,250000
398:-150000,250000
399:-140000,250000
400:-130000,250000
401:-120000,250000
402:-110000,250000
403:-100000,250000
404:-90000,250000
405:-80000,250000
406:-70000,250000
407:-60000,250000
408:-50000,250000
409:-40000,250000
410:-30000,250000
411:-20000,250000
412:-10000,250000
413:0,250000
414:10000,250000
415:20000,250000
416:30000,250000
417:40000,250000
418:50000,250000
419:60000,250000
420:70000,250000
421:80000,250000
422:90000,250000
423:100000,250000
424:110000,250000
425:120000,250000
426:130000,250000
427:140000,250000
428:150000,250000
429:160000,250000
430:170000,250000
431:180000,250000
432:190000,250000
433:200000,250000
434:210000,250000
435:220000,250000
436:230000,250000
437:240000,250000
438:250000,250000
439:260000,250000
440:270000,250000
441:270000,240000
442:260000,240000
443:250000,240000
444:240000,240000
445:230000,240000
446:220000,240000
447:210000,240000
448:200000,240000
449:190000,240000
450:180000,240000
451:170000,240000
452:160000,240000
453:150000,240000
454:140000,240000
455:130000,240000
456:120000,240000
457:110000,240000
458:100000,240000
459:90000,240000
460:80000,240000
461:70000,240000
462:60000,240000
463:50000,240000
464:40000,240000
465:30000,240000
466:20000,240000
467:10000,240000
468:0,240000
469:-10000,240000
470:-20000,240000
471:-30000,240000
472:-40000,240000
473:-50000,240000
474:-60000,240000
475:-70000,240000
476:-80000,240000
477:-90000,240000
478:-100000,240000
479:-110000,240000
480:-120000,240000
481:-130000,240000
482:-140000,240000
483:-150000,240000
484:-160000,240000
485:-170000,240000
486:-180000,240000
487:-190000,240000
488:-200000,240000
489:-210000,240000
490:-220000,240000
491:-230000,240000
492:-240000,240000
493:-250000,240000
494:-260000,240000
495:-270000,240000
496:-270000,230000
497:-260000,230000
498:-250000,230000
499:-240000,230000
500:-230000,230000
501:-220000,230000
502:-210000,230000
503:-200000,230000
504:-190000,230000
505:-180000,230000
506:-170000,230000
507:-160000,230000
508:-150000,230000
509:-140000,230000
510:-130000,230000
511:-120000,230000
512:-110000,230000
513:-100000,230000
514:-90000,230000
515:-80000,230000
516:-70000,230000
517:-60000,230000
518:-50000,230000
519:-40000,230000
520:-30000,230000
521:-20000,230000
522:-10000,230000
523:0,230000
524:10000,230000
525:20000,230000
526:30000,230000
527:40000,230000
528:50000,230000
529:60000,230000
530:70000,230000
531:80000,230000
532:90000,230000
533:100000,230000
534:110000,230000
535:120000,230000
536:130000,230000
537:140000,230000
538:150000,230000
539:160000,230000
540:170000,230000
541:180000,230000
542:190000,230000
543:200000,230000
544:210000,230000
545:220000,230000
546:230000,230000
547:240000,230000
548:250000,230000
549:260000,230000
550:270000,230000
551:270000,220000
552:260000,220000
553:250000,220000
554:240000,220000
555:230000,220000
556:220000,220000
557:210000,220000
558:200000,220000
559:190000,220000
560:180000,220000
561:170000,220000
562:160000,220000
563:150000,220000
564:140000,220000
565:130000,220000
566:120000,220000
567:110000,220000
568:100000,220000
569:90000,220000
570:80000,220000
571:70000,220000
572:60000,220000
573:50000,220000
574:40000,220000
575:30000,220000
576:20000,220000
577:10000,220000
578:0,220000
579:-10000,220000
580:-20000,220000
581:-30000,220000
582:-40000,220000
583:-50000,220000
584:-60000,220000
585:-70000,220000
586:-80000,220000
587:-90000,220000
588:-100000,220000
589:-110000,220000
590:-120000,220000
591:-130000,220000
592:-140000,220000
593:-150000,220000
594:-160000,220000
595:-170000,220000
596:-180000,220000
597:-190000,220000
598:-200000,220000
599:-210000,220000
600:-220000,220000
601:-230000,220000
602:-240000,220000
603:-250000,220000
604:-260000,220000
605:-270000,220000
606:-270000,210000
607:-260000,210000
608:-250000,210000
609:-240000,210000
610:-230000,210000
611:-220000,210000
612:-210000,210000
613:-200000,210000
614:-190000,210000
615:-180000,210000
616:-170000,210000
617:-160000,210000
618:-150000,210000
619:-140000,210000
620:-130000,210000
621:-120000,210000
622:-110000,210000
623:-100000,210000
624:-90000,210000
625:-80000,210000
626:-70000,210000
627:-60000,210000
628:-50000,210000
629:-40000,210000
630:-30000,210000
631:-20000,210000
632:-10000,210000
633:0,210000
634:10000,210000
635:20000,210000
636:30000,210000
637:40000,210000
638:50000,210000
639:60000,210000
640:70000,210000
641:80000,210000
642:90000,210000
643:100000,210000
644:110000,210000
645:120000,210000
646:130000,210000
647:140000,210000
648:150000,210000
649:160000,210000
650:170000,210000
651:180000,210000
652:190000,210000
653:200000,210000
654:210000,210000
655:220000,210000
656:230000,210000
657:240000,210000
658:250000,210000
659:260000,210000
660:270000,210000
661:270000,200000
662:260000,200000
663:250000,200000
664:240000,200000
665:230000,200000
666:220000,200000
667:210000,200000
668:200000,200000
669:190000,200000
670:180000,200000
671:170000,200000
672:160000,200000
673:150000,200000
674:140000,200000
675:130000,200000
676:120000,200000
677:110000,200000
678:100000,200000
679:90000,200000
680:80000,200000
681:70000,200000
682:60000,200000
683:50000,200000
684:40000,200000
685:30000,200000
686:20000,200000
687:10000,200000
688:0,200000
689:-10000,200000
690:-20000,200000
691:-30000,200000
692:-40000,200000
693:-50000,200000
694:-60000,200000
695:-70000,200000
696:-80000,200000
697:-90000,200000
698:-100000,200000
699:-110000,200000
700:-120000,200000
701:-130000,200000
702:-140000,200000
703:-150000,200000
704:-160000,200000
705:-170000,200000
706:-180000,200000
707:-190000,200000
708:-200000,200000
709:-210000,200000
710:-220000,200000
711:-230000,200000
712:-240000,200000
713:-250000,200000
714:-260000,200000
715:-270000,200000
716:-270000,190000
717:-260000,190000
718:-250000,190000
719:-240000,190000
720:-230000,190000
721:-220000,190000
722:-210000,190000
723:-200000,190000
724:-190000,190000
725:-180000,190000
726:-170000,190000
727:-160000,190000
728:-150000,190000
729:-140000,190000
730:-130000,190000
731:-120000,190000
732:-110000,190000
733:-100000,190000
734:-90000,190000
735:-80000,190000
736:-70000,190000
737:-60000,190000
738:-50000,190000
739:-40000,190000
740:-30000,190000
741:-20000,190000
742:-10000,190000
743:0,190000
744:10000,190000
745:20000,190000
746:30000,190000
747:40000,190000
748:50000,190000
749:60000,190000
750:70000,190000
751:80000,190000
752:90000,190000
753:100000,190000
754:110000,190000
755:120000,190000
756:130000,190000
757:140000,190000
758:150000,190000
759:160000,190000
760:170000,190000
761:180000,190000
762:190000,190000
763:200000,190000
764:210000,190000
765:220000,190000
766:230000,190000
767:240000,190000
768:250000,190000
769:260000,190000
770:270000,190000
771:270000,180000
772:260000,180000
773:250000,180000
774:240000,180000
775:230000,180000
776:220000,180000
777:210000,180000
778:200000,180000
779:190000,180000
780:180000,180000
781:170000,180000
782:160000,180000
783:150000,180000
784:140000,180000
785:130000,180000
786:120000,180000
787:110000,180000
788:100000,180000
789:90000,180000
790:80000,180000
791:70000,180000
792:60000,180000
793:50000,180000
794:40000,180000
795:30000,180000
796:20000,180000
797:10000,180000
798:0,180000
799:-10000,180000
800:-20000,180000
801:-30000,180000
802:-40000,180000
803:-50000,180000
804:-60000,180000
805:-70000,180000
806:-80000,180000
807:-90000,180000
808:-100000,180000
809:-110000,180000
810:-120000,180000
811:-130000,180000
812:-140000,180000
813:-150000,180000
814:-160000,180000
815:-170000,180000
816:-180000,180000
817:-190000,180000
818:-200000,180000
819:-210000,180000
820:-220000,180000
821:-230000,180000
822:-240000,180000
823:-250000,180000
824:-260000,180000
825:-270000,180000
826:-270000,170000
827:-260000,170000
828:-250000,170000
829:-240000,170000
830:-230000,170000
831:-220000,170000
832:-210000,170000
833:-200000,170000
834:-190000,170000
835:-180000,170000
836:-170000,170000
837:-160000,170000
838:-150000,170000
839:-140000,170000
840:-130000,170000
841:-120000,170000
842:-110000,170000
843:-100000,170000
844:-90000,170000
845:-80000,170000
846:-70000,170000
847:-60000,170000
848:-50000,170000
849:-40000,170000
850:-30000,170000
851:-20000,170000
852:-10000,170000
853:0,170000
854:10000,170000
855:20000,170000
856:30000,170000
857:40000,170000
858:50000,170000
859:60000,170000
860:70000,170000
861:80000,170000
862:90000,170000
863:100000,170000
864:110000,170000
865:120000,170000
866:130000,170000
867:140000,170000
868:150000,170000
869:160000,170000
870:170000,170000
871:180000,170000
872:190000,170000
873:200000,170000
874:210000,170000
875:220000,170000
876:230000,170000
877:240000,170000
878:250000,170000
879:260000,170000
880:270000,170000
881:270000,160000
882:260000,160000
883:250000,160000
884:240000,160000
885:230000,160000
886:220000,160000
887:210000,160000
888:200000,160000
889:190000,160000
890:180000,160000
891:170000,160000
892:160000,160000
893:150000,160000
894:140000,160000
895:130000,160000
896:120000,160000
897:110000,160000
898:100000,160000
899:90000,160000
900:80000,160000
901:70000,160000
902:60000,160000
903:50000,160000
904:40000,160000
905:30000,160000
906:20000,160000
907:10000,160000
908:0,160000
909:-10000,160000
910:-20000,160000
911:-30000,160000
912:-40000,160000
913:-50000,160000
914:-60000,160000
915:-70000,160000
916:-80000,160000
917:-90000,160000
918:-100000,160000
919:-110000,160000
920:-120000,160000
921:-130000,160000
922:-140000,160000
923:-150000,160000
924:-160000,160000
925:-170000,160000
926:-180000,160000
927:-190000,160000
928:-200000,160000
929:-210000,160000
930:-220000,160000
931:-230000,160000
932:-240000,160000
933:-250000,160000
934:-260000,160000
935:-270000,160000
936:-270000,150000
937:-260000,150000
938:-250000,150000
939:-240000,150000
940:-230000,150000
941:-220000,150000
942:-210000,150000
943:-200000,150000
944:-190000,150000
945:-180000,150000
946:-170000,150000
947:-160000,150000
948:-150000,150000
949:-140000,150000
950:-130000,150000
951:-120000,150000
952:-110000,150000
953:-100000,150000
954:-90000,150000
955:-80000,150000
956:-70000,150000
957:-60000,150000
958:-50000,150000
959:-40000,150000
960:-30000,150000
961:-20000,150000
962:-10000,150000
963:0,150000
964:10000,150000
965:20000,150000
966:30000,150000
967:40000,150000
968:50000,150000
969:60000,150000
970:70000,150000
971:80000,150000
972:90000,150000
973:100000,150000
974:110000,150000
975:120000,150000
976:130000,150000
977:140000,150000
978:150000,150000
979:160000,150000
980:170000,150000
981:180000,150000
982:190000,150000
983:200000,150000
984:210000,150000
985:220000,150000
986:230000,150000
987:240000,150000
988:250000,150000
989:260000,150000
990:270000,150000
991:270000,140000
992:260000,140000
993:250000,140000
994:240000,140000
995:230000,140000
996:220000,140000
997:210000,140000
998:200000,140000
999:190000,140000
1000:180000,140000
1001:170000,140000
1002:160000,140000
1003:150000,140000
1004:140000,140000
1005:130000,140000
1006:120000,140000
1007:110000,140000
1008:100000,140000
1009:90000,140000
1010:80000,140000
1011:70000,140000
1012:60000,140000
1013:50000,140000
1014:40000,140000
1015:30000,140000
1016:20000,140000
1017:10000,140000
1018:0,140000
1019:-10000,140000
1020:-20000,140000
1021:-30000,140000
1022:-40000,140000
1023:-50000,140000
1024:-60000,140000
1025:-70000,140000
1026:-80000,140000
1027:-90000,140000
1028:-100000,140000
1029:-110000,140000
1030:-120000,140000
1031:-130000,140000
1032:-140000,140000
1033:-150000,140000
1034:-160000,140000
1035:-170000,140000
1036:-180000,140000
1037:-190000,140000
1038:-200000,140000
1039:-210000,140000
1040:-220000,140000
1041:-230000,140000
1042:-240000,140000
1043:-250000,140000
1044:-260000,140000
1045:-270000,140000
1046:-270000,130000
1047:-260000,130000
1048:-250000,130000
1049:-240000,130000
1050:-230000,130000
1051:-220000,130000
1052:-210000,130000
1053:-200000,130000
1054:-190000,130000
1055:-180000,130000
1056:-170000,130000
1057:-160000,130000
1058:-150000,130000
1059:-140000,130000
1060:-130000,130000
1061:-120000,130000
1062:-110000,130000
1063:-100000,130000
1064:-90000,130000
1065:-80000,130000
1066:-70000,130000
1067:-60000,130000
1068:-50000,130000
1069:-40000,130000
1070:-30000,130000
1071:-20000,130000
1072:-10000,130000
1073:0,130000
1074:10000,130000
1075:20000,130000
1076:30000,130000
1077:40000,130000
1078:50000,130000
1079:60000,130000
1080:70000,130000
1081:80000,130000
1082:90000,130000
1083:100000,130000
1084:110000,130000
1085:120000,130000
1086:130000,130000
1087:140000,130000
1088:150000,130000
1089:160000,130000
1090:170000,130000
1091:180000,130000
1092:190000,130000
1093:200000,130000
1094:210000,130000
1095:220000,130000
1096:230000,130000
1097:240000,130000
1098:250000,130000
1099:260000,130000
1100:270000,130000
1101:270000,120000
1102:260000,120000
1103:250000,120000
1104:240000,120000
1105:230000,120000
1106:220000,120000
1107:210000,120000
1108:200000,120000
1109:190000,120000
1110:180000,120000
1111:170000,120000
1112:160000,120000
1113:150000,120000
1114:140000,120000
1115:130000,120000
1116:120000,120000
1117:110000,120000
1118:100000,120000
1119:90000,120000
1120:80000,120000
1121:70000,120000
1122:60000,120000
1123:50000,120000
1124:40000,120000
1125:30000,120000
1126:20000,120000
1127:10000,120000
1128:0,120000
1129:-10000,120000
1130:-20000,120000
1131:-30000,120000
1132:-40000,120000
1133:-50000,120000
1134:-60000,120000
1135:-70000,120000
1136:-80000,120000
1137:-90000,120000
1138:-100000,120000
1139:-110000,120000
1140:-120000,120000
1141:-130000,120000
1142:-140000,120000
1143:-150000,120000
1144:-160000,120000
1145:-170000,120000
1146:-180000,120000
1147:-190000,120000
1148:-200000,120000
1149:-210000,120000
1150:-220000,120000
1151:-230000,120000
1152:-240000,120000
1153:-250000,120000
1154:-260000,120000
1155:-270000,120000
1156:-270000,110000
1157:-260000,110000
1158:-250000,110000
1159:-240000,110000
1160:-230000,110000
1161:-220000,110000
1162:-210000,110000
1163:-200000,110000
1164:-190000,110000
1165:-180000,110000
1166:-170000,110000
1167:-160000,110000
1168:-150000,110000
1169:-140000,110000
1170:-130000,110000
1171:-120000,110000
1172:-110000,110000
1173:-100000,110000
1174:-90000,110000
1175:-80000,110000
1176:-70000,110000
1177:-60000,110000
1178:-50000,110000
1179:-40000,110000
1180:-30000,110000
1181:-20000,110000
1182:-10000,110000
1183:0,110000
1184:10000,110000
1185:20000,110000
1186:30000,110000
1187:40000,110000
1188:50000,110000
1189:60000,110000
1190:70000,110000
1191:80000,110000
1192:90000,110000
1193:100000,110000
1194:110000,110000
1195:120000,110000
1196:130000,110000
1197:140000,110000
1198:150000,110000
1199:160000,110000
1200:170000,110000
1201:180000,110000
1202:190000,110000
1203:200000,110000
1204:210000,110000
1205:220000,110000
1206:230000,110000
1207:240000,110000
1208:250000,110000
1209:260000,110000
1210:270000,110000
1211:270000,100000
1212:260000,100000
1213:250000,100000
1214:240000,100000
1215:230000,100000
1216:220000,100000
1217:210000,100000
1218:200000,100000
1219:190000,100000
1220:180000,100000
1221:170000,100000
1222:160000,100000
1223:150000,100000
1224:140000,100000
1225:130000,100000
1226:120000,100000
1227:110000,100000
1228:100000,100000
1229:90000,100000
1230:80000,100000
1231:70000,100000
1232:60000,100000
1233:50000,100000
1234:40000,100000
1235:30000,100000
1236:20000,100000
1237:10000,100000
1238:0,100000
1239:-10000,100000
1240:-20000,100000
1241:-30000,100000
1242:-40000,100000
1243:-50000,100000
1244:-60000,100000
1245:-70000,100000
1246:-80000,100000
1247:-90000,100000
1248:-100000,100000
1249:-110000,100000
1250:-120000,100000
1251:-130000,100000
1252:-140000,100000
1253:-150000,100000
1254:-160000,100000
1255:-170000,100000
1256:-180000,100000
1257:-190000,100000
1258:-200000,100000
1259:-210000,100000
1260:-220000,100000
1261:-230000,100000
1262:-240000,100000
1263:-250000,100000
1264:-260000,100000
1265:-270000,100000
1266:-270000,90000
1267:-260000,90000
1268:-250000,90000
1269:-240000,90000
1270:-230000,90000
1271:-220000,90000
1272:-210000,90000
1273:-200000,90000
1274:-190000,90000
1275:-180000,90000
1276:-170000,90000
1277:-160000,90000
1278:-150000,90000
1279:-140000,90000
1280:-130000,90000
1281:-120000,90000
1282:-110000,90000
1283:-100000,90000
1284:-90000,90000
1285:-80000,90000
1286:-70000,90000
1287:-60000,90000
1288:-50000,90000
1289:-40000,90000
1290:-30000,90000
1291:-20000,90000
1292:-10000,90000
1293:0,90000
1294:10000,90000
1295:20000,90000
1296:30000,90000
1297:40000,90000
1298:50000,90000
1299:60000,90000
1300:70000,90000
1301:80000,90000
1302:90000,90000
1303:100000,90000
1304:110000,90000
1305:120000,90000
1306:130000,90000
1307:140000,90000
1308:150000,90000
1309:160000,90000
1310:170000,90000
1311:180000,90000
1312:190000,90000
1313:200000,90000
1314:210000,90000
1315:220000,90000
1316:230000,90000
1317:240000,90000
1318:250000,90000
1319:260000,90000
1320:270000,90000
1321:270000,80000
1322:260000,80000
1323:250000,80000
1324:240000,80000
1325:230000,80000
1326:220000,80000
1327:210000,80000
1328:200000,80000
1329:190000,80000
1330:180000,80000
1331:170000,80000
1332:160000,80000
1333:150000,80000
1334:140000,80000
1335:130000,80000
1336:120000,80000
1337:110000,80000
1338:100000,80000
1339:90000,80000
1340:80000,80000
1341:70000,80000
1342:60000,80000
1343:50000,80000
1344:40000,80000
1345:30000,80000
1346:20000,80000
1347:10000,80000
1348:0,80000
1349:-10000,80000
1350:-20000,80000
1351:-30000,80000
1352:-40000,80000
1353:-50000,80000
1354:-60000,80000
1355:-70000,80000
1356:-80000,80000
1357:-90000,80000
1358:-100000,80000
1359:-110000,80000
1360:-120000,80000
1361:-130000,80000
1362:-140000,80000
1363:-150000,80000
1364:-160000,80000
1365:-170000,80000
1366:-180000,80000
1367:-190000,80000
1368:-200000,80000
1369:-210000,80000
1370:-220000,80000
1371:-230000,80000
1372:-240000,80000
1373:-250000,80000
1374:-260000,80000
1375:-270000,80000
1376:-270000,70000
1377:-260000,70000
1378:-250000,70000
1379:-240000,70000
1380:-230000,70000
1381:-220000,70000
1382:-210000,70000
1383:-200000,70000
1384:-190000,70000
1385:-180000,70000
1386:-170000,70000
1387:-160000,70000
1388:-150000,70000
1389:-140000,70000
1390:-130000,70000
1391:-120000,70000
1392:-110000,70000
1393:-100000,70000
1394:-90000,70000
1395:-80000,70000
1396:-70000,70000
1397:-60000,70000
1398:-50000,70000
1399:-40000,70000
1400:-30000,70000
1401:-20000,70000
1402:-10000,70000
1403:0,70000
1404:10000,70000
1405:20000,70000
1406:30000,70000
1407:40000,70000
1408:50000,70000
1409:60000,70000
1410:70000,70000
1411:80000,70000
1412:90000,70000
1413:100000,70000
1414:110000,70000
1415:120000,70000
1416:130000,70000
1417:140000,70000
1418:150000,70000
1419:160000,70000
1420:170000,70000
1421:180000,70000
1422:190000,70000
1423:200000,70000
1424:210000,70000
1425:220000,70000
1426:230000,70000
1427:240000,70000
1428:250000,70000
1429:260000,70000
1430:270000,70000
1431:270000,60000
1432:260000,60000
1433:250000,60000
1434:240000,60000
1435:230000,60000
1436:220000,60000
1437:210000,60000
1438:200000,60000
1439:190000,60000
1440:180000,60000
1441:170000,60000
1442:160000,60000
1443:150000,60000
1444:140000,60000
1445:130000,60000
1446:120000,60000
1447:110000,60000
1448:100000,60000
1449:90000,60000
1450:80000,60000
1451:70000,60000
1452:60000,60000
1453:50000,60000
1454:40000,60000
1455:30000,60000
1456:20000,60000
1457:10000,60000
1458:0,60000
1459:-10000,60000
1460:-20000,60000
1461:-30000,60000
1462:-40000,60000
1463:-50000,60000
1464:-60000,60000
1465:-70000,60000
1466:-80000,60000
1467:-90000,60000
1468:-100000,60000
1469:-110000,60000
1470:-120000,60000
1471:-130000,60000
1472:-140000,60000
1473:-150000,60000
1474:-160000,60000
1475:-170000,60000
1476:-180000,60000
1477:-190000,60000
1478:-200000,60000
1479:-210000,60000
1480:-220000,60000
1481:-230000,60000
1482:-240000,60000
1483:-250000,60000
1484:-260000,60000
1485:-270000,60000
1486:-270000,50000
1487:-260000,50000
1488:-250000,50000
1489:-240000,50000
1490:-230000,50000
1491:-220000,50000
1492:-210000,50000
1493:-200000,50000
1494:-190000,50000
1495:-180000,50000
1496:-170000,50000
1497:-160000,50000
1498:-150000,50000
1499:-140000,50000
1500:-130000,50000
1501:-120000,50000
1502:-110000,50000
1503:-100000,50000
1504:-90000,50000
1505:-80000,50000
1506:-70000,50000
1507:-60000,50000
1508:-50000,50000
1509:-40000,50000
1510:-30000,50000
1511:-20000,50000
1512:-10000,50000
1513:0,50000
1514:10000,50000
1515:20000,50000
1516:30000,50000
1517:40000,50000
1518:50000,50000
1519:60000,50000
1520:70000,50000
1521:80000,50000
1522:90000,50000
1523:100000,50000
1524:110000,50000
1525:120000,50000
1526:130000,50000
1527:140000,50000
1528:150000,50000
1529:160000,50000
1530:170000,50000
1531:180000,50000
1532:190000,50000
1533:200000,50000
1534:210000,50000
1535:220000,50000
1536:230000,50000
1537:240000,50000
1538:250000,50000
1539:260000,50000
1540:270000,50000
1541:270000,40000
1542:260000,40000
1543:250000,40000
1544:240000,40000
1545:230000,40000
1546:220000,40000
1547:210000,40000
1548:200000,40000
1549:190000,40000
1550:180000,40000
1551:170000,40000
1552:160000,40000
1553:150000,40000
1554:140000,40000
1555:130000,40000
1556:120000,40000
1557:110000,40000
1558:100000,40000
1559:90000,40000
1560:80000,40000
1561:70000,40000
1562:60000,40000
1563:50000,40000
1564:40000,40000
1565:30000,40000
1566:20000,40000
1567:10000,40000
1568:0,40000
1569:-10000,40000
1570:-20000,40000
1571:-30000,40000
1572:-40000,40000
1573:-50000,40000
1574:-60000,40000
1575:-70000,40000
1576:-80000,40000
1577:-90000,40000
1578:-100000,40000
1579:-110000,40000
1580:-120000,40000
1581:-130000,40000
1582:-140000,40000
1583:-150000,40000
1584:-160000,40000
1585:-170000,40000
1586:-180000,40000
1587:-190000,40000
1588:-200000,40000
1589:-210000,40000
1590:-220000,40000
1591:-230000,40000
1592:-240000,40000
1593:-250000,40000
1594:-260000,40000
1595:-270000,40000
1596:-270000,30000
1597:-260000,30000
1598:-250000,30000
1599:-240000,30000
1600:-230000,30000
1601:-220000,30000
1602:-210000,30000
1603:-200000,30000
1604:-190000,30000
1605:-180000,30000
1606:-170000,30000
1607:-160000,30000
1608:-150000,30000
1609:-140000,30000
1610:-130000,30000
1611:-120000,30000
1612:-110000,30000
1613:-100000,30000
1614:-90000,30000
1615:-80000,30000
1616:-70000,30000
1617:-60000,30000
1618:-50000,30000
1619:-40000,30000
1620:-30000,30000
1621:-20000,30000
1622:-10000,30000
1623:0,30000
1624:10000,30000
1625:20000,30000
1626:30000,30000
1627:40000,30000
1628:50000,30000
1629:60000,30000
1630:70000,30000
1631:80000,30000
1632:90000,30000
1633:100000,30000
1634:110000,30000
1635:120000,30000
1636:130000,30000
1637:140000,30000
1638:150000,30000
1639:160000,30000
1640:170000,30000
1641:180000,30000
1642:190000,30000
1643:200000,30000
1644:210000,30000
1645:220000,30000
1646:230000,30000
1647:240000,30000
1648:250000,30000
1649:260000,30000
1650:270000,30000
1651:270000,20000
1652:260000,20000
1653:250000,20000
1654:240000,20000
1655:230000,20000
1656:220000,20000
1657:210000,20000
1658:200000,20000
1659:190000,20000
1660:180000,20000
1661:170000,20000
1662:160000,20000
1663:150000,20000
1664:140000,20000
1665:130000,20000
1666:120000,20000
1667:110000,20000
1668:100000,20000
1669:90000,20000
1670:80000,20000
1671:70000,20000
1672:60000,20000
1673:50000,20000
1674:40000,20000
1675:30000,20000
1676:20000,20000
1677:10000,20000
1678:0,20000
1679:-10000,20000
1680:-20000,20000
1681:-30000,20000
1682:-40000,20000
1683:-50000,20000
1684:-60000,20000
1685:-70000,20000
1686:-80000,20000
1687:-90000,20000
1688:-100000,20000
1689:-110000,20000
1690:-120000,20000
1691:-130000,20000
1692:-140000,20000
1693:-150000,20000
1694:-160000,20000
1695:-170000,20000
1696:-180000,20000
1697:-190000,20000
1698:-200000,20000
1699:-210000,20000
1700:-220000,20000
1701:-230000,20000
1702:-240000,20000
1703:-250000,20000
1704:-260000,20000
1705:-270000,20000
1706:-270000,10000
1707:-260000,10000
1708:-250000,10000
1709:-240000,10000
1710:-230000,10000
1711:-220000,10000
1712:-210000,10000
1713:-200000,10000
1714:-190000,10000
1715:-180000,10000
1716:-170000,10000
1717:-160000,10000
1718:-150000,10000
1719:-140000,10000
1720:-130000,10000
1721:-120000,10000
1722:-110000,10000
1723:-100000,10000
1724:-90000,10000
1725:-80000,10000
1726:-70000,10000
1727:-60000,10000
1728:-50000,10000
1729:-40000,10000
1730:-30000,10000
1731:-20000,10000
1732:-10000,10000
1733:0,10000
1734:10000,10000
1735:20000,10000
1736:30000,10000
1737:40000,10000
1738:50000,10000
1739:60000,10000
1740:70000,10000
1741:80000,10000
1742:90000,10000
1743:100000,10000
1744:110000,10000
1745:120000,10000
1746:130000,10000
1747:140000,10000
1748:150000,10000
1749:160000,10000
1750:170000,10000
1751:180000,10000
1752:190000,10000
1753:200000,10000
1754:210000,10000
1755:220000,10000
1756:230000,10000
1757:240000,10000
1758:250000,10000
1759:260000,10000
1760:270000,10000
1761:270000,0
1762:260000,0
1763:250000,0
1764:240000,0
1765:230000,0
1766:220000,0
1767:210000,0
1768:200000,0
1769:190000,0
1770:180000,0
1771:170000,0
1772:160000,0
1773:150000,0
1774:140000,0
1775:130000,0
1776:120000,0
1777:110000,0
1778:100000,0
1779:90000,0
1780:80000,0
1781:70000,0
1782:60000,0
1783:50000,0
1784:40000,0
1785:30000,0
1786:20000,0
1787:10000,0
1788:0,0
1789:-10000,0
1790:-20000,0
1791:-30000,0
1792:-40000,0
1793:-50000,0
1794:-60000,0
1795:-70000,0
1796:-80000,0
1797:-90000,0
1798:-100000,0
1799:-110000,0
1800:-120000,0
1801:-130000,0
1802:-140000,0
1803:-150000,0
1804:-160000,0
1805:-170000,0
1806:-180000,0
1807:-190000,0
1808:-200000,0
1809:-210000,0
1810:-220000,0
1811:-230000,0
1812:-240000,0
1813:-250000,0
1814:-260000,0
1815:-270000,0
1816:-270000,-10000
1817:-260000,-10000
1818:-250000,-10000
1819:-240000,-10000
1820:-230000,-10000
1821:-220000,-10000
1822:-210000,-10000
1823:-200000,-10000
1824:-190000,-10000
1825:-180000,-10000
1826:-170000,-10000
1827:-160000,-10000
1828:-150000,-10000
1829:-140000,-10000
1830:-130000,-10000
1831:-120000,-10000
1832:-110000,-10000
1833:-100000,-10000
1834:-90000,-10000
1835:-80000,-10000
1836:-70000,-10000
1837:-60000,-10000
1838:-50000,-10000
1839:-40000,-10000
1840:-30000,-10000
1841:-20000,-10000
1842:-10000,-10000
1843:0,-10000
1844:10000,-10000
1845:20000,-10000
1846:30000,-10000
1847:40000,-10000
1848:50000,-10000
1849:60000,-10000
1850:70000,-10000
1851:80000,-10000
1852:90000,-10000
1853:100000,-10000
1854:110000,-10000
1855:120000,-10000
1856:130000,-10000
1857:140000,-10000
1858:150000,-10000
1859:160000,-10000
1860:170000,-10000
1861:180000,-10000
1862:190000,-10000
1863:200000,-10000
1864:210000,-10000
1865:220000,-10000
1866:230000,-10000
1867:240000,-10000
1868:250000,-10000
1869:260000,-10000
1870:270000,-10000
1871:270000,-20000
1872:260000,-20000
1873:250000,-20000
1874:240000,-20000
1875:230000,-20000
1876:220000,-20000
1877:210000,-20000
1878:200000,-20000
1879:190000,-20000
1880:180000,-20000
1881:170000,-20000
1882:160000,-20000
1883:150000,-20000
1884:140000,-20000
1885:130000,-20000
1886:120000,-20000
1887:110000,-20000
1888:100000,-20000
1889:90000,-20000
1890:80000,-20000
1891:70000,-20000
1892:60000,-20000
1893:50000,-20000
1894:40000,-20000
1895:30000,-20000
1896:20000,-20000
1897:10000,-20000
1898:0,-20000
1899:-10000,-20000
1900:-20000,-20000
1901:-30000,-20000
1902:-40000,-20000
1903:-50000,-20000
1904:-60000,-20000
1905:-70000,-20000
1906:-80000,-20000
1907:-90000,-20000
1908:-100000,-20000
1909:-110000,-20000
1910:-120000,-20000
1911:-130000,-20000
1912:-140000,-20000
1913:-150000,-20000
1914:-160000,-20000
1915:-170000,-20000
1916:-180000,-20000
1917:-190000,-20000
1918:-200000,-20000
1919:-210000,-20000
1920:-220000,-20000
1921:-230000,-20000
1922:-240000,-20000
1923:-250000,-20000
1924:-260000,-20000
1925:-270000,-20000
1926:-270000,-30000
1927:-260000,-30000
1928:-250000,-30000
1929:-240000,-30000
1930:-230000,-30000
1931:-220000,-30000
1932:-210000,-30000
1933:-200000,-30000
1934:-190000,-30000
1935:-180000,-30000
1936:-170000,-30000
1937:-160000,-30000
1938:-150000,-30000
1939:-140000,-30000
1940:-130000,-30000
1941:-120000,-30000
1942:-110000,-30000
1943:-100000,-30000
1944:-90000,-30000
1945:-80000,-30000
1946:-70000,-30000
1947:-60000,-30000
1948:-50000,-30000
1949:-40000,-30000
1950:-30000,-30000
1951:-20000,-30000
1952:-10000,-30000
1953:0,-30000
1954:10000,-30000
1955:20000,-30000
1956:30000,-30000
1957:40000,-30000
1958:50000,-30000
1959:60000,-30000
1960:70000,-30000
1961:80000,-30000
1962:90000,-30000
1963:100000,-30000
1964:110000,-30000
1965:120000,-30000
1966:130000,-30000
1967:140000,-30000
1968:150000,-30000
1969:160000,-30000
1970:170000,-30000
1971:180000,-30000
1972:190000,-30000
1973:200000,-30000
1974:210000,-30000
1975:220000,-30000
1976:230000,-30000
1977:240000,-30000
1978:250000,-30000
1979:260000,-30000
1980:270000,-30000
1981:270000,-40000
1982:260000,-40000
1983:250000,-40000
1984:240000,-40000
1985:230000,-40000
1986:220000,-40000
1987:210000,-40000
1988:200000,-40000
1989:190000,-40000
1990:180000,-40000
1991:170000,-40000
1992:160000,-40000
1993:150000,-40000
1994:140000,-40000
1995:130000,-40000
1996:120000,-40000
1997:110000,-40000
1998:100000,-40000
1999:90000,-40000
2000:80000,-40000
2001:70000,-40000
2002:60000,-40000
2003:50000,-40000
2004:40000,-40000
2005:30000,-40000
2006:20000,-40000
2007:10000,-40000
2008:0,-40000
2009:-10000,-40000
2010:-20000,-40000
2011:-30000,-40000
2012:-40000,-40000
2013:-50000,-40000
2014:-60000,-40000
2015:-70000,-40000
2016:-80000,-40000
2017:-90000,-40000
2018:-100000,-40000
2019:-110000,-40000
2020:-120000,-40000
2021:-130000,-40000
2022:-140000,-40000
2023:-150000,-40000
2024:-160000,-40000
2025:-170000,-40000
2026:-180000,-40000
2027:-190000,-40000
2028:-200000,-40000
2029:-210000,-40000
2030:-220000,-40000
2031:-230000,-40000
2032:-240000,-40000
2033:-250000,-40000
2034:-260000,-40000
2035:-270000,-40000
2036:-270000,-50000
2037:-260000,-50000
2038:-250000,-50000
2039:-240000,-50000
2040:-230000,-50000
2041:-220000,-50000
2042:-210000,-50000
2043:-200000,-50000
2044:-190000,-50000
2045:-180000,-50000
2046:-170000,-50000
2047:-160000,-50000
2048:-150000,-50000
2049:-140000,-50000
2050:-130000,-50000
2051:-120000,-50000
2052:-110000,-50000
2053:-100000,-50000
2054:-90000,-50000
2055:-80000,-50000
2056:-70000,-50000
2057:-60000,-50000
2058:-50000,-50000
2059:-40000,-50000
2060:-30000,-50000
2061:-20000,-50000
2062:-10000,-50000
2063:0,-50000
2064:10000,-50000
2065:20000,-50000
2066:30000,-50000
2067:40000,-50000
2068:50000,-50000
2069:60000,-50000
2070:70000,-50000
2071:80000,-50000
2072:90000,-50000
2073:100000,-50000
2074:110000,-50000
2075:120000,-50000
2076:130000,-50000
2077:140000,-50000
2078:150000,-50000
2079:160000,-50000
2080:170000,-50000
2081:180000,-50000
2082:190000,-50000
2083:200000,-50000
2084:210000,-50000
2085:220000,-50000
2086:230000,-50000
2087:240000,-50000
2088:250000,-50000
2089:260000,-50000
2090:270000,-50000
2091:270000,-60000
2092:260000,-60000
2093:250000,-60000
2094:240000,-60000
2095:230000,-60000
2096:220000,-60000
2097:210000,-60000
2098:200000,-60000
2099:190000,-60000
2100:180000,-60000
2101:170000,-60000
2102:160000,-60000
2103:150000,-60000
2104:140000,-60000
2105:130000,-60000
2106:120000,-60000
2107:110000,-60000
2108:100000,-60000
2109:90000,-60000
2110:80000,-60000
2111:70000,-60000
2112:60000,-60000
2113:50000,-60000
2114:40000,-60000
2115:30000,-60000
2116:20000,-60000
2117:10000,-60000
2118:0,-60000
2119:-10000,-60000
2120:-20000,-60000
2121:-30000,-60000
2122:-40000,-60000
2123:-50000,-60000
2124:-60000,-60000
2125:-70000,-60000
2126:-80000,-60000
2127:-90000,-60000
2128:-100000,-60000
2129:-110000,-60000
2130:-120000,-60000
2131:-130000,-60000
2132:-140000,-60000
2133:-150000,-60000
2134:-160000,-60000
2135:-170000,-60000
2136:-180000,-60000
2137:-190000,-60000
2138:-200000,-60000
2139:-210000,-60000
2140:-220000,-60000
2141:-230000,-60000
2142:-240000,-60000
2143:-250000,-60000
2144:-260000,-60000
2145:-270000,-60000
2146:-270000,-70000
2147:-260000,-70000
2148:-250000,-70000
2149:-240000,-70000
2150:-230000,-70000
2151:-220000,-70000
2152:-210000,-70000
2153:-200000,-70000
2154:-190000,-70000
2155:-180000,-70000
2156:-170000,-70000
2157:-160000,-70000
2158:-150000,-70000
2159:-140000,-70000
2160:-130000,-70000
2161:-120000,-70000
2162:-110000,-70000
2163:-100000,-70000
2164:-90000,-70000
2165:-80000,-70000
2166:-70000,-70000
2167:-60000,-70000
2168:-50000,-70000
2169:-40000,-70000
2170:-30000,-70000
2171:-20000,-70000
2172:-10000,-70000
2173:0,-70000
2174:10000,-70000
2175:20000,-70000
2176:30000,-70000
2177:40000,-70000
2178:50000,-70000
2179:60000,-70000
2180:70000,-70000
2181:80000,-70000
2182:90000,-70000
2183:100000,-70000
2184:110000,-70000
2185:120000,-70000
2186:130000,-70000
2187:140000,-70000
2188:150000,-70000
2189:160000,-70000
2190:170000,-70000
2191:180000,-70000
2192:190000,-70000
2193:200000,-70000
2194:210000,-70000
2195:220000,-70000
2196:230000,-70000
2197:240000,-70000
2198:250000,-70000
2199:260000,-70000
2200:270000,-70000
2201:270000,-80000
2202:260000,-80000
2203:250000,-80000
2204:240000,-80000
2205:230000,-80000
2206:220000,-80000
2207:210000,-80000
2208:200000,-80000
2209:190000,-80000
2210:180000,-80000
2211:170000,-80000
2212:160000,-80000
2213:150000,-80000
2214:140000,-80000
2215:130000,-80000
2216:120000,-80000
2217:110000,-80000
2218:100000,-80000
2219:90000,-80000
2220:80000,-80000
2221:70000,-80000
2222:60000,-80000
2223:50000,-80000
2224:40000,-80000
2225:30000,-80000
2226:20000,-80000
2227:10000,-80000
2228:0,-80000
2229:-10000,-80000
2230:-20000,-80000
2231:-30000,-80000
2232:-40000,-80000
2233:-50000,-80000
2234:-60000,-80000
2235:-70000,-80000
2236:-80000,-80000
2237:-90000,-80000
2238:-100000,-80000
2239:-110000,-80000
2240:-120000,-80000
2241:-130000,-80000
2242:-140000,-80000
2243:-150000,-80000
2244:-160000,-80000
2245:-170000,-80000
2246:-180000,-80000
2247:-190000,-80000
2248:-200000,-80000
2249:-210000,-80000
2250:-220000,-80000
2251:-230000,-80000
2252:-240000,-80000
2253:-250000,-80000
2254:-260000,-80000
2255:-270000,-80000
2256:-270000,-90000
2257:-260000,-90000
2258:-250000,-90000
2259:-240000,-90000
2260:-230000,-90000
2261:-220000,-90000
2262:-210000,-90000
2263:-200000,-90000
2264:-190000,-90000
2265:-180000,-90000
2266:-170000,-90000
2267:-160000,-90000
2268:-150000,-90000
2269:-140000,-90000
2270:-130000,-90000
2271:-120000,-90000
2272:-110000,-90000
2273:-100000,-90000
2274:-90000,-90000
2275:-80000,-90000
2276:-70000,-90000
2277:-60000,-90000
2278:-50000,-90000
2279:-40000,-90000
2280:-30000,-90000
2281:-20000,-90000
2282:-10000,-90000
2283:0,-90000
2284:10000,-90000
2285:20000,-90000
2286:30000,-90000
2287:40000,-90000
2288:50000,-90000
2289:60000,-90000
2290:70000,-90000
2291:80000,-90000
2292:90000,-90000
2293:100000,-90000
2294:110000,-90000
2295:120000,-90000
2296:130000,-90000
2297:140000,-90000
2298:150000,-90000
2299:160000,-90000
2300:170000,-90000
2301:180000,-90000
2302:190000,-90000
2303:200000,-90000
2304:210000,-90000
2305:220000,-90000
2306:230000,-90000
2307:240000,-90000
2308:250000,-90000
2309:260000,-90000
2310:270000,-90000
2311:270000,-100000
2312:260000,-100000
2313:250000,-100000
2314:240000,-100000
2315:230000,-100000
2316:220000,-100000
2317:210000,-100000
2318:200000,-100000
2319:190000,-100000
2320:180000,-100000
2321:170000,-100000
2322:160000,-100000
2323:150000,-100000
2324:140000,-100000
2325:130000,-100000
2326:120000,-100000
2327:110000,-100000
2328:100000,-100000
2329:90000,-100000
2330:80000,-100000
2331:70000,-100000
2332:60000,-100000
2333:50000,-100000
2334:40000,-100000
2335:30000,-100000
2336:20000,-100000
2337:10000,-100000
2338:0,-100000
2339:-10000,-100000
2340:-20000,-100000
2341:-30000,-100000
2342:-40000,-100000
2343:-50000,-100000
2344:-60000,-100000
2345:-70000,-100000
2346:-80000,-100000
2347:-90000,-100000
2348:-100000,-100000
2349:-110000,-100000
2350:-120000,-100000
2351:-130000,-100000
2352:-140000,-100000
2353:-150000,-100000
2354:-160000,-100000
2355:-170000,-100000
2356:-180000,-100000
2357:-190000,-100000
2358:-200000,-100000
2359:-210000,-100000
2360:-220000,-100000
2361:-230000,-100000
2362:-240000,-100000
2363:-250000,-100000
2364:-260000,-100000
2365:-270000,-100000
2366:-270000,-110000
2367:-260000,-110000
2368:-250000,-110000
2369:-240000,-110000
2370:-230000,-110000
2371:-220000,-110000
2372:-210000,-110000
2373:-200000,-110000
2374:-190000,-110000
2375:-180000,-110000
2376:-170000,-110000
2377:-160000,-110000
2378:-150000,-110000
2379:-140000,-110000
2380:-130000,-110000
2381:-120000,-110000
2382:-110000,-110000
2383:-100000,-110000
2384:-90000,-110000
2385:-80000,-110000
2386:-70000,-110000
2387:-60000,-110000
2388:-50000,-110000
2389:-40000,-110000
2390:-30000,-110000
2391:-20000,-110000
2392:-10000,-110000
2393:0,-110000
2394:10000,-110000
2395:20000,-110000
2396:30000,-110000
2397:40000,-110000
2398:50000,-110000
2399:60000,-110000
2400:70000,-110000
2401:80000,-110000
2402:90000,-110000
2403:100000,-110000
2404:110000,-110000
2405:120000,-110000
2406:130000,-110000
2407:140000,-110000
2408:150000,-110000
2409:160000,-110000
2410:170000,-110000
2411:180000,-110000
2412:190000,-110000
2413:200000,-110000
2414:210000,-110000
2415:220000,-110000
2416:230000,-110000
2417:240000,-110000
2418:250000,-110000
2419:260000,-110000
2420:270000,-110000
2421:270000,-120000
2422:260000,-120000
2423:250000,-120000
2424:240000,-120000
2425:230000,-120000
2426:220000,-120000
2427:210000,-120000
2428:200000,-120000
2429:190000,-120000
2430:180000,-120000
2431:170000,-120000
2432:160000,-120000
2433:150000,-120000
2434:140000,-120000
2435:130000,-120000
2436:120000,-120000
2437:110000,-120000
2438:100000,-120000
2439:90000,-120000
2440:80000,-120000
2441:70000,-120000
2442:60000,-120000
2443:50000,-120000
2444:40000,-120000
2445:30000,-120000
2446:20000,-120000
2447:10000,-120000
2448:0,-120000
2449:-10000,-120000
2450:-20000,-120000
2451:-30000,-120000
2452:-40000,-120000
2453:-50000,-120000
2454:-60000,-120000
2455:-70000,-120000
2456:-80000,-120000
2457:-90000,-120000
2458:-100000,-120000
2459:-110000,-120000
2460:-120000,-120000
2461:-130000,-120000
2462:-140000,-120000
2463:-150000,-120000
2464:-160000,-120000
2465:-170000,-120000
2466:-180000,-120000
2467:-190000,-120000
2468:-200000,-120000
2469:-210000,-120000
2470:-220000,-120000
2471:-230000,-120000
2472:-240000,-120000
2473:-250000,-120000
2474:-260000,-120000
2475:-270000,-120000
2476:-270000,-130000
2477:-260000,-130000
2478:-250000,-130000
2479:-240000,-130000
2480:-230000,-130000
2481:-220000,-130000
2482:-210000,-130000
2483:-200000,-130000
2484:-190000,-130000
2485:-180000,-130000
2486:-170000,-130000
2487:-160000,-130000
2488:-150000,-130000
2489:-140000,-130000
2490:-130000,-130000
2491:-120000,-130000
2492:-110000,-130000
2493:-100000,-130000
2494:-90000,-130000
2495:-80000,-130000
2496:-70000,-130000
2497:-60000,-130000
2498:-50000,-130000
2499:-40000,-130000
2500:-30000,-130000
2501:-20000,-130000
2502:-10000,-130000
2503:0,-130000
2504:10000,-130000
2505:20000,-130000
2506:30000,-130000
2507:40000,-130000
2508:50000,-130000
2509:60000,-130000
2510:70000,-130000
2511:80000,-130000
2512:90000,-130000
2513:100000,-130000
2514:110000,-130000
2515:120000,-130000
2516:130000,-130000
2517:140000,-130000
2518:150000,-130000
2519:160000,-130000
2520:170000,-130000
2521:180000,-130000
2522:190000,-130000
2523:200000,-130000
2524:210000,-130000
2525:220000,-130000
2526:230000,-130000
2527:240000,-130000
2528:250000,-130000
2529:260000,-130000
2530:270000,-130000
2531:270000,-140000
2532:260000,-140000
2533:250000,-140000
2534:240000,-140000
2535:230000,-140000
2536:220000,-140000
2537:210000,-140000
2538:200000,-140000
2539:190000,-140000
2540:180000,-140000
2541:170000,-140000
2542:160000,-140000
2543:150000,-140000
2544:140000,-140000
2545:130000,-140000
2546:120000,-140000
2547:110000,-140000
2548:100000,-140000
2549:90000,-140000
2550:80000,-140000
2551:70000,-140000
2552:60000,-140000
2553:50000,-140000
2554:40000,-140000
2555:30000,-140000
2556:20000,-140000
2557:10000,-140000
2558:0,-140000
2559:-10000,-140000
2560:-20000,-140000
2561:-30000,-140000
2562:-40000,-140000
2563:-50000,-140000
2564:-60000,-140000
2565:-70000,-140000
2566:-80000,-140000
2567:-90000,-140000
2568:-100000,-140000
2569:-110000,-140000
2570:-120000,-140000
2571:-130000,-140000
2572:-140000,-140000
2573:-150000,-140000
2574:-160000,-140000
2575:-170000,-140000
2576:-180000,-140000
2577:-190000,-140000
2578:-200000,-140000
2579:-210000,-140000
2580:-220000,-140000
2581:-230000,-140000
2582:-240000,-140000
2583:-250000,-140000
2584:-260000,-140000
2585:-270000,-140000
2586:-270000,-150000
2587:-260000,-150000
2588:-250000,-150000
2589:-240000,-150000
2590:-230000,-150000
2591:-220000,-150000
2592:-210000,-150000
2593:-200000,-150000
2594:-190000,-150000
2595:-180000,-150000
2596:-170000,-150000
2597:-160000,-150000
2598:-150000,-150000
2599:-140000,-150000
2600:-130000,-150000
2601:-120000,-150000
2602:-110000,-150000
2603:-100000,-150000
2604:-90000,-150000
2605:-80000,-150000
2606:-70000,-150000
2607:-60000,-150000
2608:-50000,-150000
2609:-40000,-150000
2610:-30000,-150000
2611:-20000,-150000
2612:-10000,-150000
2613:0,-150000
2614:10000,-150000
2615:20000,-150000
2616:30000,-150000
2617:40000,-150000
2618:50000,-150000
2619:60000,-150000
2620:70000,-150000
2621:80000,-150000
2622:90000,-150000
2623:100000,-150000
2624:110000,-150000
2625:120000,-150000
2626:130000,-150000
2627:140000,-150000
2628:150000,-150000
2629:160000,-150000
2630:170000,-150000
2631:180000,-150000
2632:190000,-150000
2633:200000,-150000
2634:210000,-150000
2635:220000,-150000
2636:230000,-150000
2637:240000,-150000
2638:250000,-150000
2639:260000,-150000
2640:270000,-150000
2641:270000,-160000
2642:260000,-160000
2643:250000,-160000
2644:240000,-160000
2645:230000,-160000
2646:220000,-160000
2647:210000,-160000
2648:200000,-160000
2649:190000,-160000
2650:180000,-160000
2651:170000,-160000
2652:160000,-160000
2653:150000,-160000
2654:140000,-160000
2655:130000,-160000
2656:120000,-160000
2657:110000,-160000
2658:100000,-160000
2659:90000,-160000
2660:80000,-160000
2661:70000,-160000
2662:60000,-160000
2663:50000,-160000
2664:40000,-160000
2665:30000,-160000
2666:20000,-160000
2667:10000,-160000
2668:0,-160000
2669:-10000,-160000
2670:-20000,-160000
2671:-30000,-160000
2672:-40000,-160000
2673:-50000,-160000
2674:-60000,-160000
2675:-70000,-160000
2676:-80000,-160000
2677:-90000,-160000
2678:-100000,-160000
2679:-110000,-160000
2680:-120000,-160000
2681:-130000,-160000
2682:-140000,-160000
2683:-150000,-160000
2684:-160000,-160000
2685:-170000,-160000
2686:-180000,-160000
2687:-190000,-160000
2688:-200000,-160000
2689:-210000,-160000
2690:-220000,-160000
2691:-230000,-160000
2692:-240000,-160000
2693:-250000,-160000
2694:-260000,-160000
2695:-270000,-160000
2696:-270000,-170000
2697:-260000,-170000
2698:-250000,-170000
2699:-240000,-170000
2700:-230000,-170000
2701:-220000,-170000
2702:-210000,-170000
2703:-200000,-170000
2704:-190000,-170000
2705:-180000,-170000
2706:-170000,-170000
2707:-160000,-170000
2708:-150000,-170000
2709:-140000,-170000
2710:-130000,-170000
2711:-120000,-170000
2712:-110000,-170000
2713:-100000,-170000
2714:-90000,-170000
2715:-80000,-170000
2716:-70000,-170000
2717:-60000,-170000
2718:-50000,-170000
2719:-40000,-170000
2720:-30000,-170000
2721:-20000,-170000
2722:-10000,-170000
2723:0,-170000
2724:10000,-170000
2725:20000,-170000
2726:30000,-170000
2727:40000,-170000
2728:50000,-170000
2729:60000,-170000
2730:70000,-170000
2731:80000,-170000
2732:90000,-170000
2733:100000,-170000
2734:110000,-170000
2735:120000,-170000
2736:130000,-170000
2737:140000,-170000
2738:150000,-170000
2739:160000,-170000
2740:170000,-170000
2741:180000,-170000
2742:190000,-170000
2743:200000,-170000
2744:210000,-170000
2745:220000,-170000
2746:230000,-170000
2747:240000,-170000
2748:250000,-170000
2749:260000,-170000
2750:270000,-170000
2751:270000,-180000
2752:260000,-180000
2753:250000,-180000
2754:240000,-180000
2755:230000,-180000
2756:220000,-180000
2757:210000,-180000
2758:200000,-180000
2759:190000,-180000
2760:180000,-180000
2761:170000,-180000
2762:160000,-180000
2763:150000,-180000
2764:140000,-180000
2765:130000,-180000
2766:120000,-180000
2767:110000,-180000
2768:100000,-180000
2769:90000,-180000
2770:80000,-180000
2771:70000,-180000
2772:60000,-180000
2773:50000,-180000
2774:40000,-180000
2775:30000,-180000
2776:20000,-180000
2777:10000,-180000
2778:0,-180000
2779:-10000,-180000
2780:-20000,-180000
2781:-30000,-180000
2782:-40000,-180000
2783:-50000,-180000
2784:-60000,-180000
2785:-70000,-180000
2786:-80000,-180000
2787:-90000,-180000
2788:-100000,-180000
2789:-110000,-180000
2790:-120000,-180000
2791:-130000,-180000
2792:-140000,-180000
2793:-150000,-180000
2794:-160000,-180000
2795:-170000,-180000
2796:-180000,-180000
2797:-190000,-180000
2798:-200000,-180000
2799:-210000,-180000
2800:-220000,-180000
2801:-230000,-180000
2802:-240000,-180000
2803:-250000,-180000
2804:-260000,-180000
2805:-270000,-180000
2806:-270000,-190000
2807:-260000,-190000
2808:-250000,-190000
2809:-240000,-190000
2810:-230000,-190000
2811:-220000,-190000
2812:-210000,-190000
2813:-200000,-190000
2814:-190000,-190000
2815:-180000,-190000
2816:-170000,-190000
2817:-160000,-190000
2818:-150000,-190000
2819:-140000,-190000
2820:-130000,-190000
2821:-120000,-190000
2822:-110000,-190000
2823:-100000,-190000
2824:-90000,-190000
2825:-80000,-190000
2826:-70000,-190000
2827:-60000,-190000
2828:-50000,-190000
2829:-40000,-190000
2830:-30000,-190000
2831:-20000,-190000
2832:-10000,-190000
2833:0,-190000
2834:10000,-190000
2835:20000,-190000
2836:30000,-190000
2837:40000,-190000
2838:50000,-190000
2839:60000,-190000
2840:70000,-190000
2841:80000,-190000
2842:90000,-190000
2843:100000,-190000
2844:110000,-190000
2845:120000,-190000
2846:130000,-190000
2847:140000,-190000
2848:150000,-190000
2849:160000,-190000
2850:170000,-190000
2851:180000,-190000
2852:190000,-190000
2853:200000,-190000
2854:210000,-190000
2855:220000,-190000
2856:230000,-190000
2857:240000,-190000
2858:250000,-190000
2859:260000,-190000
2860:270000,-190000
2861:270000,-200000
2862:260000,-200000
2863:250000,-200000
2864:240000,-200000
2865:230000,-200000
2866:220000,-200000
2867:210000,-200000
2868:200000,-200000
2869:190000,-200000
2870:180000,-200000
2871:170000,-200000
2872:160000,-200000
2873:150000,-200000
2874:140000,-200000
2875:130000,-200000
2876:120000,-200000
2877:110000,-200000
2878:100000,-200000
2879:90000,-200000
2880:80000,-200000
2881:70000,-200000
2882:60000,-200000
2883:50000,-200000
2884:40000,-200000
2885:30000,-200000
2886:20000,-200000
2887:10000,-200000
2888:0,-200000
2889:-10000,-200000
2890:-20000,-200000
2891:-30000,-200000
2892:-40000,-200000
2893:-50000,-200000
2894:-60000,-200000
2895:-70000,-200000
2896:-80000,-200000
2897:-90000,-200000
2898:-100000,-200000
2899:-110000,-200000
2900:-120000,-200000
2901:-130000,-200000
2902:-140000,-200000
2903:-150000,-200000
2904:-160000,-200000
2905:-170000,-200000
2906:-180000,-200000
2907:-190000,-200000
2908:-200000,-200000
2909:-210000,-200000
2910:-220000,-200000
2911:-230000,-200000
2912:-240000,-200000
2913:-250000,-200000
2914:-260000,-200000
2915:-270000,-200000
2916:-270000,-210000
2917:-260000,-210000
2918:-250000,-210000
2919:-240000,-210000
2920:-230000,-210000
2921:-220000,-210000
2922:-210000,-210000
2923:-200000,-210000
2924:-190000,-210000
2925:-180000,-210000
2926:-170000,-210000
2927:-160000,-210000
2928:-150000,-210000
2929:-140000,-210000
2930:-130000,-210000
2931:-120000,-210000
2932:-110000,-210000
2933:-100000,-210000
2934:-90000,-210000
2935:-80000,-210000
2936:-70000,-210000
2937:-60000,-210000
2938:-50000,-210000
2939:-40000,-210000
2940:-30000,-210000
2941:-20000,-210000
2942:-10000,-210000
2943:0,-210000
2944:10000,-210000
2945:20000,-210000
2946:30000,-210000
2947:40000,-210000
2948:50000,-210000
2949:60000,-210000
2950:70000,-210000
2951:80000,-210000
2952:90000,-210000
2953:100000,-210000
2954:110000,-210000
2955:120000,-210000
2956:130000,-210000
2957:140000,-210000
2958:150000,-210000
2959:160000,-210000
2960:170000,-210000
2961:180000,-210000
2962:190000,-210000
2963:200000,-210000
2964:210000,-210000
2965:220000,-210000
2966:230000,-210000
2967:240000,-210000
2968:250000,-210000
2969:260000,-210000
2970:270000,-210000
2971:270000,-220000
2972:260000,-220000
2973:250000,-220000
2974:240000,-220000
2975:230000,-220000
2976:220000,-220000
2977:210000,-220000
2978:200000,-220000
2979:190000,-220000
2980:180000,-220000
2981:170000,-220000
2982:160000,-220000
2983:150000,-220000
2984:140000,-220000
2985:130000,-220000
2986:120000,-220000
2987:110000,-220000
2988:100000,-220000
2989:90000,-220000
2990:80000,-220000
2991:70000,-220000
2992:60000,-220000
2993:50000,-220000
2994:40000,-220000
2995:30000,-220000
2996:20000,-220000
2997:10000,-220000
2998:0,-220000
2999:-10000,-220000
3000:-20000,-220000
3001:-30000,-220000
3002:-40000,-220000
3003:-50000,-220000
3004:-60000,-220000
3005:-70000,-220000
3006:-80000,-220000
3007:-90000,-220000
3008:-100000,-220000
3009:-110000,-220000
3010:-120000,-220000
3011:-130000,-220000
3012:-140000,-220000
3013:-150000,-220000
3014:-160000,-220000
3015:-170000,-220000
3016:-180000,-220000
3017:-190000,-220000
3018:-200000,-220000
3019:-210000,-220000
3020:-220000,-220000
3021:-230000,-220000
3022:-240000,-220000
3023:-250000,-220000
3024:-260000,-220000
3025:-270000,-220000
3026:-270000,-230000
3027:-260000,-230000
3028:-250000,-230000
3029:-240000,-230000
3030:-230000,-230000
3031:-220000,-230000
3032:-210000,-230000
3033:-200000,-230000
3034:-190000,-230000
3035:-180000,-230000
3036:-170000,-230000
3037:-160000,-230000
3038:-150000,-230000
3039:-140000,-230000
3040:-130000,-230000
3041:-120000,-230000
3042:-110000,-230000
3043:-100000,-230000
3044:-90000,-230000
3045:-80000,-230000
3046:-70000,-230000
3047:-60000,-230000
3048:-50000,-230000
3049:-40000,-230000
3050:-30000,-230000
3051:-20000,-230000
3052:-10000,-230000
3053:0,-230000
3054:10000,-230000
3055:20000,-230000
3056:30000,-230000
3057:40000,-230000
3058:50000,-230000
3059:60000,-230000
3060:70000,-230000
3061:80000,-230000
3062:90000,-230000
3063:100000,-230000
3064:110000,-230000
3065:120000,-230000
3066:130000,-230000
3067:140000,-230000
3068:150000,-230000
3069:160000,-230000
3070:170000,-230000
3071:180000,-230000
3072:190000,-230000
3073:200000,-230000
3074:210000,-230000
3075:220000,-230000
3076:230000,-230000
3077:240000,-230000
3078:250000,-230000
3079:260000,-230000
3080:270000,-230000
3081:270000,-240000
3082:260000,-240000
3083:250000,-240000
3084:240000,-240000
3085:230000,-240000
3086:220000,-240000
3087:210000,-240000
3088:200000,-240000
3089:190000,-240000
3090:180000,-240000
3091:170000,-240000
3092:160000,-240000
3093:150000,-240000
3094:140000,-240000
3095:130000,-240000
3096:120000,-240000
3097:110000,-240000
3098:100000,-240000
3099:90000,-240000
3100:80000,-240000
3101:70000,-240000
3102:60000,-240000
3103:50000,-240000
3104:40000,-240000
3105:30000,-240000
3106:20000,-240000
3107:10000,-240000
3108:0,-240000
3109:-10000,-240000
3110:-20000,-240000
3111:-30000,-240000
3112:-40000,-240000
3113:-50000,-240000
3114:-60000,-240000
3115:-70000,-240000
3116:-80000,-240000
3117:-90000,-240000
3118:-100000,-240000
3119:-110000,-240000
3120:-120000,-240000
3121:-130000,-240000
3122:-140000,-240000
3123:-150000,-240000
3124:-160000,-240000
3125:-170000,-240000
3126:-180000,-240000
3127:-190000,-240000
3128:-200000,-240000
3129:-210000,-240000
3130:-220000,-240000
3131:-230000,-240000
3132:-240000,-240000
3133:-250000,-240000
3134:-260000,-240000
3135:-270000,-240000
3136:-270000,-250000
3137:-260000,-250000
3138:-250000,-250000
3139:-240000,-250000
3140:-230000,-250000
3141:-220000,-250000
3142:-210000,-250000
3143:-200000,-250000
3144:-190000,-250000
3145:-180000,-250000
3146:-170000,-250000
3147:-160000,-250000
3148:-150000,-250000
3149:-140000,-250000
3150:-130000,-250000
3151:-120000,-250000
3152:-110000,-250000
3153:-100000,-250000
3154:-90000,-250000
3155:-80000,-250000
3156:-70000,-250000
3157:-60000,-250000
3158:-50000,-250000
3159:-40000,-250000
3160:-30000,-250000
3161:-20000,-250000
3162:-10000,-250000
3163:0,-250000
3164:10000,-250000
3165:20000,-250000
3166:30000,-250000
3167:40000,-250000
3168:50000,-250000
3169:60000,-250000
3170:70000,-250000
3171:80000,-250000
3172:90000,-250000
3173:100000,-250000
3174:110000,-250000
3175:120000,-250000
3176:130000,-250000
3177:140000,-250000
3178:150000,-250000
3179:160000,-250000
3180:170000,-250000
3181:180000,-250000
3182:190000,-250000
3183:200000,-250000
3184:210000,-250000
3185:220000,-250000
3186:230000,-250000
3187:240000,-250000
3188:250000,-250000
3189:260000,-250000
3190:270000,-250000
3191:270000,-260000
3192:260000,-260000
3193:250000,-260000
3194:240000,-260000
3195:230000,-260000
3196:220000,-260000
3197:210000,-260000
3198:200000,-260000
3199:190000,-260000
3200:180000,-260000
3201:170000,-260000
3202:160000,-260000
3203:150000,-260000
3204:140000,-260000
3205:130000,-260000
3206:120000,-260000
3207:110000,-260000
3208:100000,-260000
3209:90000,-260000
3210:80000,-260000
3211:70000,-260000
3212:60000,-260000
3213:50000,-260000
3214:40000,-260000
3215:30000,-260000
3216:20000,-260000
3217:10000,-260000
3218:0,-260000
3219:-10000,-260000
3220:-20000,-260000
3221:-30000,-260000
3222:-40000,-260000
3223:-50000,-260000
3224:-60000,-260000
3225:-70000,-260000
3226:-80000,-260000
3227:-90000,-260000
3228:-100000,-260000
3229:-110000,-260000
3230:-120000,-260000
3231:-130000,-260000
3232:-140000,-260000
3233:-150000,-260000
3234:-160000,-260000
3235:-170000,-260000
3236:-180000,-260000
3237:-190000,-260000
3238:-200000,-260000
3239:-210000,-260000
3240:-220000,-260000
3241:-230000,-260000
3242:-240000,-260000
3243:-250000,-260000
3244:-260000,-260000
3245:-270000,-260000
3246:-270000,-270000
3247:-260000,-270000
3248:-250000,-270000
3249:-240000,-270000
3250:-230000,-270000
3251:-220000,-270000
3252:-210000,-270000
3253:-200000,-270000
3254:-190000,-270000
3255:-180000,-270000
3256:-170000,-270000
3257:-160000,-270000
3258:-150000,-270000
3259:-140000,-270000
3260:-130000,-270000
3261:-120000,-270000
3262:-110000,-270000
3263:-100000,-270000
3264:-90000,-270000
3265:-80000,-270000
3266:-70000,-270000
3267:-60000,-270000
3268:-50000,-270000
3269:-40000,-270000
3270:-30000,-270000
3271:-20000,-270000
3272:-10000,-270000
3273:0,-270000
3274:10000,-270000
3275:20000,-270000
3276:30000,-270000
3277:40000,-270000
3278:50000,-270000
3279:60000,-270000
3280:70000,-270000
3281:80000,-270000
3282:90000,-270000
3283:100000,-270000
3284:110000,-270000
3285:120000,-270000
3286:130000,-270000
3287:140000,-270000
3288:150000,-270000
3289:160000,-270000
3290:170000,-270000
3291:180000,-270000
3292:190000,-270000
3293:200000,-270000
3294:210000,-270000
3295:220000,-270000
3296:230000,-270000
3297:240000,-270000
3298:250000,-270000
3299:260000,-270000
3300:270000,-270000
3301:270000,-280000
3302:260000,-280000
3303:250000,-280000
3304:240000,-280000
3305:230000,-280000
3306:220000,-280000
3307:210000,-280000
3308:200000,-280000
3309:190000,-280000
3310:180000,-280000
3311:170000,-280000
3312:160000,-280000
3313:150000,-280000
3314:140000,-280000
3315:130000,-280000
3316:120000,-280000
3317:110000,-280000
3318:100000,-280000
3319:90000,-280000
3320:80000,-280000
3321:70000,-280000
3322:60000,-280000
3323:50000,-280000
3324:40000,-280000
3325:30000,-280000
3326:20000,-280000
3327:10000,-280000
3328:0,-280000
3329:-10000,-280000
3330:-20000,-280000
3331:-30000,-280000
3332:-40000,-280000
3333:-50000,-280000
3334:-60000,-280000
3335:-70000,-280000
3336:-80000,-280000
3337:-90000,-280000
3338:-100000,-280000
3339:-110000,-280000
3340:-120000,-280000
3341:-130000,-280000
3342:-140000,-280000
3343:-150000,-280000
3344:-160000,-280000
3345:-170000,-280000
3346:-180000,-280000
3347:-190000,-280000
3348:-200000,-280000
3349:-210000,-280000
3350:-220000,-280000
3351:-230000,-280000
3352:-240000,-280000
3353:-250000,-280000
3354:-260000,-280000
3355:-270000,-280000
3356:-270000,-290000
3357:-260000,-290000
3358:-250000,-290000
3359:-240000,-290000
3360:-230000,-290000
3361:-220000,-290000
3362:-210000,-290000
3363:-200000,-290000
3364:-190000,-290000
3365:-180000,-290000
3366:-170000,-290000
3367:-160000,-290000
3368:-150000,-290000
3369:-140000,-290000
3370:-130000,-290000
3371:-120000,-290000
3372:-110000,-290000
3373:-100000,-290000
3374:-90000,-290000
3375:-80000,-290000
3376:-70000,-290000
3377:-60000,-290000
3378:-50000,-290000
3379:-40000,-290000
3380:-30000,-290000
3381:-20000,-290000
3382:-10000,-290000
3383:0,-290000
3384:10000,-290000
3385:20000,-290000
3386:30000,-290000
3387:40000,-290000
3388:50000,-290000
3389:60000,-290000
3390:70000,-290000
3391:80000,-290000
3392:90000,-290000
3393:100000,-290000
3394:110000,-290000
3395:120000,-290000
3396:130000,-290000
3397:140000,-290000
3398:150000,-290000
3399:160000,-290000
3400:170000,-290000
3401:180000,-290000
3402:190000,-290000
3403:200000,-290000
3404:210000,-290000
3405:220000,-290000
3406:230000,-290000
3407:240000,-290000
3408:250000,-290000
3409:260000,-290000
3410:270000,-290000
3411:270000,-300000
3412:260000,-300000
3413:250000,-300000
3414:240000,-300000
3415:230000,-300000
3416:220000,-300000
3417:210000,-300000
3418:200000,-300000
3419:190000,-300000
3420:180000,-300000
3421:170000,-300000
3422:160000,-300000
3423:150000,-300000
3424:140000,-300000
3425:130000,-300000
3426:120000,-300000
3427:110000,-300000
3428:100000,-300000
3429:90000,-300000
3430:80000,-300000
3431:70000,-300000
3432:60000,-300000
3433:50000,-300000
3434:40000,-300000
3435:30000,-300000
3436:20000,-300000
3437:10000,-300000
3438:0,-300000
3439:-10000,-300000
3440:-20000,-300000
3441:-30000,-300000
3442:-40000,-300000
3443:-50000,-300000
3444:-60000,-300000
3445:-70000,-300000
3446:-80000,-300000
3447:-90000,-300000
3448:-100000,-300000
3449:-110000,-300000
3450:-120000,-300000
3451:-130000,-300000
3452:-140000,-300000
3453:-150000,-300000
3454:-160000,-300000
3455:-170000,-300000
3456:-180000,-300000
3457:-190000,-300000
3458:-200000,-300000
3459:-210000,-300000
3460:-220000,-300000
3461:-230000,-300000
3462:-240000,-300000
3463:-250000,-300000
3464:-260000,-300000
3465:-270000,-300000
3466:-270000,-310000
3467:-260000,-310000
3468:-250000,-310000
3469:-240000,-310000
3470:-230000,-310000
3471:-220000,-310000
3472:-210000,-310000
3473:-200000,-310000
3474:-190000,-310000
3475:-180000,-310000
3476:-170000,-310000
3477:-160000,-310000
3478:-150000,-310000
3479:-140000,-310000
3480:-130000,-310000
3481:-120000,-310000
3482:-110000,-310000
3483:-100000,-310000
3484:-90000,-310000
3485:-80000,-310000
3486:-70000,-310000
3487:-60000,-310000
3488:-50000,-310000
3489:-40000,-310000
3490:-30000,-310000
3491:-20000,-310000
3492:-10000,-310000
3493:0,-310000
3494:10000,-310000
3495:20000,-310000
3496:30000,-310000
3497:40000,-310000
3498:50000,-310000
3499:60000,-310000
3500:70000,-310000
3501:80000,-310000
3502:90000,-310000
3503:100000,-310000
3504:110000,-310000
3505:120000,-310000
3506:130000,-310000
3507:140000,-310000
3508:150000,-310000
3509:160000,-310000
3510:170000,-310000
3511:180000,-310000
3512:190000,-310000
3513:200000,-310000
3514:210000,-310000
3515:220000,-310000
3516:230000,-310000
3517:240000,-310000
3518:250000,-310000
3519:260000,-310000
3520:270000,-310000
3521:270000,-320000
3522:260000,-320000
3523:250000,-320000
3524:240000,-320000
3525:230000,-320000
3526:220000,-320000
3527:210000,-320000
3528:200000,-320000
3529:190000,-320000
3530:180000,-320000
3531:170000,-320000
3532:160000,-320000
3533:150000,-320000
3534:140000,-320000
3535:130000,-320000
3536:120000,-320000
3537:110000,-320000
3538:100000,-320000
3539:90000,-320000
3540:80000,-320000
3541:70000,-320000
3542:60000,-320000
3543:50000,-320000
3544:40000,-320000
3545:30000,-320000
3546:20000,-320000
3547:10000,-320000
3548:0,-320000
3549:-10000,-320000
3550:-20000,-320000
3551:-30000,-320000
3552:-40000,-320000
3553:-50000,-320000
3554:-60000,-320000
3555:-70000,-320000
3556:-80000,-320000
3557:-90000,-320000
3558:-100000,-320000
3559:-110000,-320000
3560:-120000,-320000
3561:-130000,-320000
3562:-140000,-320000
3563:-150000,-320000
3564:-160000,-320000
3565:-170000,-320000
3566:-180000,-320000
3567:-190000,-320000
3568:-200000,-320000
3569:-210000,-320000
3570:-220000,-320000
3571:-230000,-320000
3572:-240000,-320000
3573:-250000,-320000
3574:-260000,-320000
3575:-270000,-320000

