[StageProgram]
Name=Z-Map 1591p 15mmp
NumScans=1591
SampleName=G 550x650
SampleShape=0
SampleThickness=500.000
SampleSize_X=550000.000
SampleSize_Y=650000.000
SampleOrigin_X=0
SampleOrigin_Y=0
MachineOrgSensorLoc=2
OriginPosition=1
CoordinateDirection_X=2
CoordinateDirection_Y=3
HeadType=99
ScanType=0
Lens=0
DeskewMode=0
DeskewFailOption=0
AutoDeskew1Position_bDefined=FALSE
AutoDeskew1Position_X=0
AutoDeskew1Position_Y=0
AutoDeskew1Size=0
AutoDeskew2Position_bDefined=FALSE
AutoDeskew2Position_X=0
AutoDeskew2Position_Y=0
AutoDeskew2Size=0
ManualDeskew1Position_bDefined=FALSE
ManualDeskew1Position_X=0
ManualDeskew1Position_Y=0
ManualDeskew2Position_bDefined=FALSE
ManualDeskew2Position_X=0
ManualDeskew2Position_Y=0
SitePatternMode=0
SitePrFailOption=0
Comment=
ElasticModulusName=
ElasticModulusValue=0.000
[Point]
1:270000,315000
2:255000,315000
3:240000,315000
4:225000,315000
5:210000,315000
6:195000,315000
7:180000,315000
8:165000,315000
9:150000,315000
10:135000,315000
11:120000,315000
12:105000,315000
13:90000,315000
14:75000,315000
15:60000,315000
16:45000,315000
17:30000,315000
18:15000,315000
19:0,315000
20:-15000,315000
21:-30000,315000
22:-45000,315000
23:-60000,315000
24:-75000,315000
25:-90000,315000
26:-105000,315000
27:-120000,315000
28:-135000,315000
29:-150000,315000
30:-165000,315000
31:-180000,315000
32:-195000,315000
33:-210000,315000
34:-225000,315000
35:-240000,315000
36:-255000,315000
37:-270000,315000
38:-270000,300000
39:-255000,300000
40:-240000,300000
41:-225000,300000
42:-210000,300000
43:-195000,300000
44:-180000,300000
45:-165000,300000
46:-150000,300000
47:-135000,300000
48:-120000,300000
49:-105000,300000
50:-90000,300000
51:-75000,300000
52:-60000,300000
53:-45000,300000
54:-30000,300000
55:-15000,300000
56:0,300000
57:15000,300000
58:30000,300000
59:45000,300000
60:60000,300000
61:75000,300000
62:90000,300000
63:105000,300000
64:120000,300000
65:135000,300000
66:150000,300000
67:165000,300000
68:180000,300000
69:195000,300000
70:210000,300000
71:225000,300000
72:240000,300000
73:255000,300000
74:270000,300000
75:270000,285000
76:255000,285000
77:240000,285000
78:225000,285000
79:210000,285000
80:195000,285000
81:180000,285000
82:165000,285000
83:150000,285000
84:135000,285000
85:120000,285000
86:105000,285000
87:90000,285000
88:75000,285000
89:60000,285000
90:45000,285000
91:30000,285000
92:15000,285000
93:0,285000
94:-15000,285000
95:-30000,285000
96:-45000,285000
97:-60000,285000
98:-75000,285000
99:-90000,285000
100:-105000,285000
101:-120000,285000
102:-135000,285000
103:-150000,285000
104:-165000,285000
105:-180000,285000
106:-195000,285000
107:-210000,285000
108:-225000,285000
109:-240000,285000
110:-255000,285000
111:-270000,285000
112:-270000,270000
113:-255000,270000
114:-240000,270000
115:-225000,270000
116:-210000,270000
117:-195000,270000
118:-180000,270000
119:-165000,270000
120:-150000,270000
121:-135000,270000
122:-120000,270000
123:-105000,270000
124:-90000,270000
125:-75000,270000
126:-60000,270000
127:-45000,270000
128:-30000,270000
129:-15000,270000
130:0,270000
131:15000,270000
132:30000,270000
133:45000,270000
134:60000,270000
135:75000,270000
136:90000,270000
137:105000,270000
138:120000,270000
139:135000,270000
140:150000,270000
141:165000,270000
142:180000,270000
143:195000,270000
144:210000,270000
145:225000,270000
146:240000,270000
147:255000,270000
148:270000,270000
149:270000,255000
150:255000,255000
151:240000,255000
152:225000,255000
153:210000,255000
154:195000,255000
155:180000,255000
156:165000,255000
157:150000,255000
158:135000,255000
159:120000,255000
160:105000,255000
161:90000,255000
162:75000,255000
163:60000,255000
164:45000,255000
165:30000,255000
166:15000,255000
167:0,255000
168:-15000,255000
169:-30000,255000
170:-45000,255000
171:-60000,255000
172:-75000,255000
173:-90000,255000
174:-105000,255000
175:-120000,255000
176:-135000,255000
177:-150000,255000
178:-165000,255000
179:-180000,255000
180:-195000,255000
181:-210000,255000
182:-225000,255000
183:-240000,255000
184:-255000,255000
185:-270000,255000
186:-270000,240000
187:-255000,240000
188:-240000,240000
189:-225000,240000
190:-210000,240000
191:-195000,240000
192:-180000,240000
193:-165000,240000
194:-150000,240000
195:-135000,240000
196:-120000,240000
197:-105000,240000
198:-90000,240000
199:-75000,240000
200:-60000,240000
201:-45000,240000
202:-30000,240000
203:-15000,240000
204:0,240000
205:15000,240000
206:30000,240000
207:45000,240000
208:60000,240000
209:75000,240000
210:90000,240000
211:105000,240000
212:120000,240000
213:135000,240000
214:150000,240000
215:165000,240000
216:180000,240000
217:195000,240000
218:210000,240000
219:225000,240000
220:240000,240000
221:255000,240000
222:270000,240000
223:270000,225000
224:255000,225000
225:240000,225000
226:225000,225000
227:210000,225000
228:195000,225000
229:180000,225000
230:165000,225000
231:150000,225000
232:135000,225000
233:120000,225000
234:105000,225000
235:90000,225000
236:75000,225000
237:60000,225000
238:45000,225000
239:30000,225000
240:15000,225000
241:0,225000
242:-15000,225000
243:-30000,225000
244:-45000,225000
245:-60000,225000
246:-75000,225000
247:-90000,225000
248:-105000,225000
249:-120000,225000
250:-135000,225000
251:-150000,225000
252:-165000,225000
253:-180000,225000
254:-195000,225000
255:-210000,225000
256:-225000,225000
257:-240000,225000
258:-255000,225000
259:-270000,225000
260:-270000,210000
261:-255000,210000
262:-240000,210000
263:-225000,210000
264:-210000,210000
265:-195000,210000
266:-180000,210000
267:-165000,210000
268:-150000,210000
269:-135000,210000
270:-120000,210000
271:-105000,210000
272:-90000,210000
273:-75000,210000
274:-60000,210000
275:-45000,210000
276:-30000,210000
277:-15000,210000
278:0,210000
279:15000,210000
280:30000,210000
281:45000,210000
282:60000,210000
283:75000,210000
284:90000,210000
285:105000,210000
286:120000,210000
287:135000,210000
288:150000,210000
289:165000,210000
290:180000,210000
291:195000,210000
292:210000,210000
293:225000,210000
294:240000,210000
295:255000,210000
296:270000,210000
297:270000,195000
298:255000,195000
299:240000,195000
300:225000,195000
301:210000,195000
302:195000,195000
303:180000,195000
304:165000,195000
305:150000,195000
306:135000,195000
307:120000,195000
308:105000,195000
309:90000,195000
310:75000,195000
311:60000,195000
312:45000,195000
313:30000,195000
314:15000,195000
315:0,195000
316:-15000,195000
317:-30000,195000
318:-45000,195000
319:-60000,195000
320:-75000,195000
321:-90000,195000
322:-105000,195000
323:-120000,195000
324:-135000,195000
325:-150000,195000
326:-165000,195000
327:-180000,195000
328:-195000,195000
329:-210000,195000
330:-225000,195000
331:-240000,195000
332:-255000,195000
333:-270000,195000
334:-270000,180000
335:-255000,180000
336:-240000,180000
337:-225000,180000
338:-210000,180000
339:-195000,180000
340:-180000,180000
341:-165000,180000
342:-150000,180000
343:-135000,180000
344:-120000,180000
345:-105000,180000
346:-90000,180000
347:-75000,180000
348:-60000,180000
349:-45000,180000
350:-30000,180000
351:-15000,180000
352:0,180000
353:15000,180000
354:30000,180000
355:45000,180000
356:60000,180000
357:75000,180000
358:90000,180000
359:105000,180000
360:120000,180000
361:135000,180000
362:150000,180000
363:165000,180000
364:180000,180000
365:195000,180000
366:210000,180000
367:225000,180000
368:240000,180000
369:255000,180000
370:270000,180000
371:270000,165000
372:255000,165000
373:240000,165000
374:225000,165000
375:210000,165000
376:195000,165000
377:180000,165000
378:165000,165000
379:150000,165000
380:135000,165000
381:120000,165000
382:105000,165000
383:90000,165000
384:75000,165000
385:60000,165000
386:45000,165000
387:30000,165000
388:15000,165000
389:0,165000
390:-15000,165000
391:-30000,165000
392:-45000,165000
393:-60000,165000
394:-75000,165000
395:-90000,165000
396:-105000,165000
397:-120000,165000
398:-135000,165000
399:-150000,165000
400:-165000,165000
401:-180000,165000
402:-195000,165000
403:-210000,165000
404:-225000,165000
405:-240000,165000
406:-255000,165000
407:-270000,165000
408:-270000,150000
409:-255000,150000
410:-240000,150000
411:-225000,150000
412:-210000,150000
413:-195000,150000
414:-180000,150000
415:-165000,150000
416:-150000,150000
417:-135000,150000
418:-120000,150000
419:-105000,150000
420:-90000,150000
421:-75000,150000
422:-60000,150000
423:-45000,150000
424:-30000,150000
425:-15000,150000
426:0,150000
427:15000,150000
428:30000,150000
429:45000,150000
430:60000,150000
431:75000,150000
432:90000,150000
433:105000,150000
434:120000,150000
435:135000,150000
436:150000,150000
437:165000,150000
438:180000,150000
439:195000,150000
440:210000,150000
441:225000,150000
442:240000,150000
443:255000,150000
444:270000,150000
445:270000,135000
446:255000,135000
447:240000,135000
448:225000,135000
449:210000,135000
450:195000,135000
451:180000,135000
452:165000,135000
453:150000,135000
454:135000,135000
455:120000,135000
456:105000,135000
457:90000,135000
458:75000,135000
459:60000,135000
460:45000,135000
461:30000,135000
462:15000,135000
463:0,135000
464:-15000,135000
465:-30000,135000
466:-45000,135000
467:-60000,135000
468:-75000,135000
469:-90000,135000
470:-105000,135000
471:-120000,135000
472:-135000,135000
473:-150000,135000
474:-165000,135000
475:-180000,135000
476:-195000,135000
477:-210000,135000
478:-225000,135000
479:-240000,135000
480:-255000,135000
481:-270000,135000
482:-270000,120000
483:-255000,120000
484:-240000,120000
485:-225000,120000
486:-210000,120000
487:-195000,120000
488:-180000,120000
489:-165000,120000
490:-150000,120000
491:-135000,120000
492:-120000,120000
493:-105000,120000
494:-90000,120000
495:-75000,120000
496:-60000,120000
497:-45000,120000
498:-30000,120000
499:-15000,120000
500:0,120000
501:15000,120000
502:30000,120000
503:45000,120000
504:60000,120000
505:75000,120000
506:90000,120000
507:105000,120000
508:120000,120000
509:135000,120000
510:150000,120000
511:165000,120000
512:180000,120000
513:195000,120000
514:210000,120000
515:225000,120000
516:240000,120000
517:255000,120000
518:270000,120000
519:270000,105000
520:255000,105000
521:240000,105000
522:225000,105000
523:210000,105000
524:195000,105000
525:180000,105000
526:165000,105000
527:150000,105000
528:135000,105000
529:120000,105000
530:105000,105000
531:90000,105000
532:75000,105000
533:60000,105000
534:45000,105000
535:30000,105000
536:15000,105000
537:0,105000
538:-15000,105000
539:-30000,105000
540:-45000,105000
541:-60000,105000
542:-75000,105000
543:-90000,105000
544:-105000,105000
545:-120000,105000
546:-135000,105000
547:-150000,105000
548:-165000,105000
549:-180000,105000
550:-195000,105000
551:-210000,105000
552:-225000,105000
553:-240000,105000
554:-255000,105000
555:-270000,105000
556:-270000,90000
557:-255000,90000
558:-240000,90000
559:-225000,90000
560:-210000,90000
561:-195000,90000
562:-180000,90000
563:-165000,90000
564:-150000,90000
565:-135000,90000
566:-120000,90000
567:-105000,90000
568:-90000,90000
569:-75000,90000
570:-60000,90000
571:-45000,90000
572:-30000,90000
573:-15000,90000
574:0,90000
575:15000,90000
576:30000,90000
577:45000,90000
578:60000,90000
579:75000,90000
580:90000,90000
581:105000,90000
582:120000,90000
583:135000,90000
584:150000,90000
585:165000,90000
586:180000,90000
587:195000,90000
588:210000,90000
589:225000,90000
590:240000,90000
591:255000,90000
592:270000,90000
593:270000,75000
594:255000,75000
595:240000,75000
596:225000,75000
597:210000,75000
598:195000,75000
599:180000,75000
600:165000,75000
601:150000,75000
602:135000,75000
603:120000,75000
604:105000,75000
605:90000,75000
606:75000,75000
607:60000,75000
608:45000,75000
609:30000,75000
610:15000,75000
611:0,75000
612:-15000,75000
613:-30000,75000
614:-45000,75000
615:-60000,75000
616:-75000,75000
617:-90000,75000
618:-105000,75000
619:-120000,75000
620:-135000,75000
621:-150000,75000
622:-165000,75000
623:-180000,75000
624:-195000,75000
625:-210000,75000
626:-225000,75000
627:-240000,75000
628:-255000,75000
629:-270000,75000
630:-270000,60000
631:-255000,60000
632:-240000,60000
633:-225000,60000
634:-210000,60000
635:-195000,60000
636:-180000,60000
637:-165000,60000
638:-150000,60000
639:-135000,60000
640:-120000,60000
641:-105000,60000
642:-90000,60000
643:-75000,60000
644:-60000,60000
645:-45000,60000
646:-30000,60000
647:-15000,60000
648:0,60000
649:15000,60000
650:30000,60000
651:45000,60000
652:60000,60000
653:75000,60000
654:90000,60000
655:105000,60000
656:120000,60000
657:135000,60000
658:150000,60000
659:165000,60000
660:180000,60000
661:195000,60000
662:210000,60000
663:225000,60000
664:240000,60000
665:255000,60000
666:270000,60000
667:270000,45000
668:255000,45000
669:240000,45000
670:225000,45000
671:210000,45000
672:195000,45000
673:180000,45000
674:165000,45000
675:150000,45000
676:135000,45000
677:120000,45000
678:105000,45000
679:90000,45000
680:75000,45000
681:60000,45000
682:45000,45000
683:30000,45000
684:15000,45000
685:0,45000
686:-15000,45000
687:-30000,45000
688:-45000,45000
689:-60000,45000
690:-75000,45000
691:-90000,45000
692:-105000,45000
693:-120000,45000
694:-135000,45000
695:-150000,45000
696:-165000,45000
697:-180000,45000
698:-195000,45000
699:-210000,45000
700:-225000,45000
701:-240000,45000
702:-255000,45000
703:-270000,45000
704:-270000,30000
705:-255000,30000
706:-240000,30000
707:-225000,30000
708:-210000,30000
709:-195000,30000
710:-180000,30000
711:-165000,30000
712:-150000,30000
713:-135000,30000
714:-120000,30000
715:-105000,30000
716:-90000,30000
717:-75000,30000
718:-60000,30000
719:-45000,30000
720:-30000,30000
721:-15000,30000
722:0,30000
723:15000,30000
724:30000,30000
725:45000,30000
726:60000,30000
727:75000,30000
728:90000,30000
729:105000,30000
730:120000,30000
731:135000,30000
732:150000,30000
733:165000,30000
734:180000,30000
735:195000,30000
736:210000,30000
737:225000,30000
738:240000,30000
739:255000,30000
740:270000,30000
741:270000,15000
742:255000,15000
743:240000,15000
744:225000,15000
745:210000,15000
746:195000,15000
747:180000,15000
748:165000,15000
749:150000,15000
750:135000,15000
751:120000,15000
752:105000,15000
753:90000,15000
754:75000,15000
755:60000,15000
756:45000,15000
757:30000,15000
758:15000,15000
759:0,15000
760:-15000,15000
761:-30000,15000
762:-45000,15000
763:-60000,15000
764:-75000,15000
765:-90000,15000
766:-105000,15000
767:-120000,15000
768:-135000,15000
769:-150000,15000
770:-165000,15000
771:-180000,15000
772:-195000,15000
773:-210000,15000
774:-225000,15000
775:-240000,15000
776:-255000,15000
777:-270000,15000
778:-270000,0
779:-255000,0
780:-240000,0
781:-225000,0
782:-210000,0
783:-195000,0
784:-180000,0
785:-165000,0
786:-150000,0
787:-135000,0
788:-120000,0
789:-105000,0
790:-90000,0
791:-75000,0
792:-60000,0
793:-45000,0
794:-30000,0
795:-15000,0
796:0,0
797:15000,0
798:30000,0
799:45000,0
800:60000,0
801:75000,0
802:90000,0
803:105000,0
804:120000,0
805:135000,0
806:150000,0
807:165000,0
808:180000,0
809:195000,0
810:210000,0
811:225000,0
812:240000,0
813:255000,0
814:270000,0
815:270000,-15000
816:255000,-15000
817:240000,-15000
818:225000,-15000
819:210000,-15000
820:195000,-15000
821:180000,-15000
822:165000,-15000
823:150000,-15000
824:135000,-15000
825:120000,-15000
826:105000,-15000
827:90000,-15000
828:75000,-15000
829:60000,-15000
830:45000,-15000
831:30000,-15000
832:15000,-15000
833:0,-15000
834:-15000,-15000
835:-30000,-15000
836:-45000,-15000
837:-60000,-15000
838:-75000,-15000
839:-90000,-15000
840:-105000,-15000
841:-120000,-15000
842:-135000,-15000
843:-150000,-15000
844:-165000,-15000
845:-180000,-15000
846:-195000,-15000
847:-210000,-15000
848:-225000,-15000
849:-240000,-15000
850:-255000,-15000
851:-270000,-15000
852:-270000,-30000
853:-255000,-30000
854:-240000,-30000
855:-225000,-30000
856:-210000,-30000
857:-195000,-30000
858:-180000,-30000
859:-165000,-30000
860:-150000,-30000
861:-135000,-30000
862:-120000,-30000
863:-105000,-30000
864:-90000,-30000
865:-75000,-30000
866:-60000,-30000
867:-45000,-30000
868:-30000,-30000
869:-15000,-30000
870:0,-30000
871:15000,-30000
872:30000,-30000
873:45000,-30000
874:60000,-30000
875:75000,-30000
876:90000,-30000
877:105000,-30000
878:120000,-30000
879:135000,-30000
880:150000,-30000
881:165000,-30000
882:180000,-30000
883:195000,-30000
884:210000,-30000
885:225000,-30000
886:240000,-30000
887:255000,-30000
888:270000,-30000
889:270000,-45000
890:255000,-45000
891:240000,-45000
892:225000,-45000
893:210000,-45000
894:195000,-45000
895:180000,-45000
896:165000,-45000
897:150000,-45000
898:135000,-45000
899:120000,-45000
900:105000,-45000
901:90000,-45000
902:75000,-45000
903:60000,-45000
904:45000,-45000
905:30000,-45000
906:15000,-45000
907:0,-45000
908:-15000,-45000
909:-30000,-45000
910:-45000,-45000
911:-60000,-45000
912:-75000,-45000
913:-90000,-45000
914:-105000,-45000
915:-120000,-45000
916:-135000,-45000
917:-150000,-45000
918:-165000,-45000
919:-180000,-45000
920:-195000,-45000
921:-210000,-45000
922:-225000,-45000
923:-240000,-45000
924:-255000,-45000
925:-270000,-45000
926:-270000,-60000
927:-255000,-60000
928:-240000,-60000
929:-225000,-60000
930:-210000,-60000
931:-195000,-60000
932:-180000,-60000
933:-165000,-60000
934:-150000,-60000
935:-135000,-60000
936:-120000,-60000
937:-105000,-60000
938:-90000,-60000
939:-75000,-60000
940:-60000,-60000
941:-45000,-60000
942:-30000,-60000
943:-15000,-60000
944:0,-60000
945:15000,-60000
946:30000,-60000
947:45000,-60000
948:60000,-60000
949:75000,-60000
950:90000,-60000
951:105000,-60000
952:120000,-60000
953:135000,-60000
954:150000,-60000
955:165000,-60000
956:180000,-60000
957:195000,-60000
958:210000,-60000
959:225000,-60000
960:240000,-60000
961:255000,-60000
962:270000,-60000
963:270000,-75000
964:255000,-75000
965:240000,-75000
966:225000,-75000
967:210000,-75000
968:195000,-75000
969:180000,-75000
970:165000,-75000
971:150000,-75000
972:135000,-75000
973:120000,-75000
974:105000,-75000
975:90000,-75000
976:75000,-75000
977:60000,-75000
978:45000,-75000
979:30000,-75000
980:15000,-75000
981:0,-75000
982:-15000,-75000
983:-30000,-75000
984:-45000,-75000
985:-60000,-75000
986:-75000,-75000
987:-90000,-75000
988:-105000,-75000
989:-120000,-75000
990:-135000,-75000
991:-150000,-75000
992:-165000,-75000
993:-180000,-75000
994:-195000,-75000
995:-210000,-75000
996:-225000,-75000
997:-240000,-75000
998:-255000,-75000
999:-270000,-75000
1000:-270000,-90000
1001:-255000,-90000
1002:-240000,-90000
1003:-225000,-90000
1004:-210000,-90000
1005:-195000,-90000
1006:-180000,-90000
1007:-165000,-90000
1008:-150000,-90000
1009:-135000,-90000
1010:-120000,-90000
1011:-105000,-90000
1012:-90000,-90000
1013:-75000,-90000
1014:-60000,-90000
1015:-45000,-90000
1016:-30000,-90000
1017:-15000,-90000
1018:0,-90000
1019:15000,-90000
1020:30000,-90000
1021:45000,-90000
1022:60000,-90000
1023:75000,-90000
1024:90000,-90000
1025:105000,-90000
1026:120000,-90000
1027:135000,-90000
1028:150000,-90000
1029:165000,-90000
1030:180000,-90000
1031:195000,-90000
1032:210000,-90000
1033:225000,-90000
1034:240000,-90000
1035:255000,-90000
1036:270000,-90000
1037:270000,-105000
1038:255000,-105000
1039:240000,-105000
1040:225000,-105000
1041:210000,-105000
1042:195000,-105000
1043:180000,-105000
1044:165000,-105000
1045:150000,-105000
1046:135000,-105000
1047:120000,-105000
1048:105000,-105000
1049:90000,-105000
1050:75000,-105000
1051:60000,-105000
1052:45000,-105000
1053:30000,-105000
1054:15000,-105000
1055:0,-105000
1056:-15000,-105000
1057:-30000,-105000
1058:-45000,-105000
1059:-60000,-105000
1060:-75000,-105000
1061:-90000,-105000
1062:-105000,-105000
1063:-120000,-105000
1064:-135000,-105000
1065:-150000,-105000
1066:-165000,-105000
1067:-180000,-105000
1068:-195000,-105000
1069:-210000,-105000
1070:-225000,-105000
1071:-240000,-105000
1072:-255000,-105000
1073:-270000,-105000
1074:-270000,-120000
1075:-255000,-120000
1076:-240000,-120000
1077:-225000,-120000
1078:-210000,-120000
1079:-195000,-120000
1080:-180000,-120000
1081:-165000,-120000
1082:-150000,-120000
1083:-135000,-120000
1084:-120000,-120000
1085:-105000,-120000
1086:-90000,-120000
1087:-75000,-120000
1088:-60000,-120000
1089:-45000,-120000
1090:-30000,-120000
1091:-15000,-120000
1092:0,-120000
1093:15000,-120000
1094:30000,-120000
1095:45000,-120000
1096:60000,-120000
1097:75000,-120000
1098:90000,-120000
1099:105000,-120000
1100:120000,-120000
1101:135000,-120000
1102:150000,-120000
1103:165000,-120000
1104:180000,-120000
1105:195000,-120000
1106:210000,-120000
1107:225000,-120000
1108:240000,-120000
1109:255000,-120000
1110:270000,-120000
1111:270000,-135000
1112:255000,-135000
1113:240000,-135000
1114:225000,-135000
1115:210000,-135000
1116:195000,-135000
1117:180000,-135000
1118:165000,-135000
1119:150000,-135000
1120:135000,-135000
1121:120000,-135000
1122:105000,-135000
1123:90000,-135000
1124:75000,-135000
1125:60000,-135000
1126:45000,-135000
1127:30000,-135000
1128:15000,-135000
1129:0,-135000
1130:-15000,-135000
1131:-30000,-135000
1132:-45000,-135000
1133:-60000,-135000
1134:-75000,-135000
1135:-90000,-135000
1136:-105000,-135000
1137:-120000,-135000
1138:-135000,-135000
1139:-150000,-135000
1140:-165000,-135000
1141:-180000,-135000
1142:-195000,-135000
1143:-210000,-135000
1144:-225000,-135000
1145:-240000,-135000
1146:-255000,-135000
1147:-270000,-135000
1148:-270000,-150000
1149:-255000,-150000
1150:-240000,-150000
1151:-225000,-150000
1152:-210000,-150000
1153:-195000,-150000
1154:-180000,-150000
1155:-165000,-150000
1156:-150000,-150000
1157:-135000,-150000
1158:-120000,-150000
1159:-105000,-150000
1160:-90000,-150000
1161:-75000,-150000
1162:-60000,-150000
1163:-45000,-150000
1164:-30000,-150000
1165:-15000,-150000
1166:0,-150000
1167:15000,-150000
1168:30000,-150000
1169:45000,-150000
1170:60000,-150000
1171:75000,-150000
1172:90000,-150000
1173:105000,-150000
1174:120000,-150000
1175:135000,-150000
1176:150000,-150000
1177:165000,-150000
1178:180000,-150000
1179:195000,-150000
1180:210000,-150000
1181:225000,-150000
1182:240000,-150000
1183:255000,-150000
1184:270000,-150000
1185:270000,-165000
1186:255000,-165000
1187:240000,-165000
1188:225000,-165000
1189:210000,-165000
1190:195000,-165000
1191:180000,-165000
1192:165000,-165000
1193:150000,-165000
1194:135000,-165000
1195:120000,-165000
1196:105000,-165000
1197:90000,-165000
1198:75000,-165000
1199:60000,-165000
1200:45000,-165000
1201:30000,-165000
1202:15000,-165000
1203:0,-165000
1204:-15000,-165000
1205:-30000,-165000
1206:-45000,-165000
1207:-60000,-165000
1208:-75000,-165000
1209:-90000,-165000
1210:-105000,-165000
1211:-120000,-165000
1212:-135000,-165000
1213:-150000,-165000
1214:-165000,-165000
1215:-180000,-165000
1216:-195000,-165000
1217:-210000,-165000
1218:-225000,-165000
1219:-240000,-165000
1220:-255000,-165000
1221:-270000,-165000
1222:-270000,-180000
1223:-255000,-180000
1224:-240000,-180000
1225:-225000,-180000
1226:-210000,-180000
1227:-195000,-180000
1228:-180000,-180000
1229:-165000,-180000
1230:-150000,-180000
1231:-135000,-180000
1232:-120000,-180000
1233:-105000,-180000
1234:-90000,-180000
1235:-75000,-180000
1236:-60000,-180000
1237:-45000,-180000
1238:-30000,-180000
1239:-15000,-180000
1240:0,-180000
1241:15000,-180000
1242:30000,-180000
1243:45000,-180000
1244:60000,-180000
1245:75000,-180000
1246:90000,-180000
1247:105000,-180000
1248:120000,-180000
1249:135000,-180000
1250:150000,-180000
1251:165000,-180000
1252:180000,-180000
1253:195000,-180000
1254:210000,-180000
1255:225000,-180000
1256:240000,-180000
1257:255000,-180000
1258:270000,-180000
1259:270000,-195000
1260:255000,-195000
1261:240000,-195000
1262:225000,-195000
1263:210000,-195000
1264:195000,-195000
1265:180000,-195000
1266:165000,-195000
1267:150000,-195000
1268:135000,-195000
1269:120000,-195000
1270:105000,-195000
1271:90000,-195000
1272:75000,-195000
1273:60000,-195000
1274:45000,-195000
1275:30000,-195000
1276:15000,-195000
1277:0,-195000
1278:-15000,-195000
1279:-30000,-195000
1280:-45000,-195000
1281:-60000,-195000
1282:-75000,-195000
1283:-90000,-195000
1284:-105000,-195000
1285:-120000,-195000
1286:-135000,-195000
1287:-150000,-195000
1288:-165000,-195000
1289:-180000,-195000
1290:-195000,-195000
1291:-210000,-195000
1292:-225000,-195000
1293:-240000,-195000
1294:-255000,-195000
1295:-270000,-195000
1296:-270000,-210000
1297:-255000,-210000
1298:-240000,-210000
1299:-225000,-210000
1300:-210000,-210000
1301:-195000,-210000
1302:-180000,-210000
1303:-165000,-210000
1304:-150000,-210000
1305:-135000,-210000
1306:-120000,-210000
1307:-105000,-210000
1308:-90000,-210000
1309:-75000,-210000
1310:-60000,-210000
1311:-45000,-210000
1312:-30000,-210000
1313:-15000,-210000
1314:0,-210000
1315:15000,-210000
1316:30000,-210000
1317:45000,-210000
1318:60000,-210000
1319:75000,-210000
1320:90000,-210000
1321:105000,-210000
1322:120000,-210000
1323:135000,-210000
1324:150000,-210000
1325:165000,-210000
1326:180000,-210000
1327:195000,-210000
1328:210000,-210000
1329:225000,-210000
1330:240000,-210000
1331:255000,-210000
1332:270000,-210000
1333:270000,-225000
1334:255000,-225000
1335:240000,-225000
1336:225000,-225000
1337:210000,-225000
1338:195000,-225000
1339:180000,-225000
1340:165000,-225000
1341:150000,-225000
1342:135000,-225000
1343:120000,-225000
1344:105000,-225000
1345:90000,-225000
1346:75000,-225000
1347:60000,-225000
1348:45000,-225000
1349:30000,-225000
1350:15000,-225000
1351:0,-225000
1352:-15000,-225000
1353:-30000,-225000
1354:-45000,-225000
1355:-60000,-225000
1356:-75000,-225000
1357:-90000,-225000
1358:-105000,-225000
1359:-120000,-225000
1360:-135000,-225000
1361:-150000,-225000
1362:-165000,-225000
1363:-180000,-225000
1364:-195000,-225000
1365:-210000,-225000
1366:-225000,-225000
1367:-240000,-225000
1368:-255000,-225000
1369:-270000,-225000
1370:-270000,-240000
1371:-255000,-240000
1372:-240000,-240000
1373:-225000,-240000
1374:-210000,-240000
1375:-195000,-240000
1376:-180000,-240000
1377:-165000,-240000
1378:-150000,-240000
1379:-135000,-240000
1380:-120000,-240000
1381:-105000,-240000
1382:-90000,-240000
1383:-75000,-240000
1384:-60000,-240000
1385:-45000,-240000
1386:-30000,-240000
1387:-15000,-240000
1388:0,-240000
1389:15000,-240000
1390:30000,-240000
1391:45000,-240000
1392:60000,-240000
1393:75000,-240000
1394:90000,-240000
1395:105000,-240000
1396:120000,-240000
1397:135000,-240000
1398:150000,-240000
1399:165000,-240000
1400:180000,-240000
1401:195000,-240000
1402:210000,-240000
1403:225000,-240000
1404:240000,-240000
1405:255000,-240000
1406:270000,-240000
1407:270000,-255000
1408:255000,-255000
1409:240000,-255000
1410:225000,-255000
1411:210000,-255000
1412:195000,-255000
1413:180000,-255000
1414:165000,-255000
1415:150000,-255000
1416:135000,-255000
1417:120000,-255000
1418:105000,-255000
1419:90000,-255000
1420:75000,-255000
1421:60000,-255000
1422:45000,-255000
1423:30000,-255000
1424:15000,-255000
1425:0,-255000
1426:-15000,-255000
1427:-30000,-255000
1428:-45000,-255000
1429:-60000,-255000
1430:-75000,-255000
1431:-90000,-255000
1432:-105000,-255000
1433:-120000,-255000
1434:-135000,-255000
1435:-150000,-255000
1436:-165000,-255000
1437:-180000,-255000
1438:-195000,-255000
1439:-210000,-255000
1440:-225000,-255000
1441:-240000,-255000
1442:-255000,-255000
1443:-270000,-255000
1444:-270000,-270000
1445:-255000,-270000
1446:-240000,-270000
1447:-225000,-270000
1448:-210000,-270000
1449:-195000,-270000
1450:-180000,-270000
1451:-165000,-270000
1452:-150000,-270000
1453:-135000,-270000
1454:-120000,-270000
1455:-105000,-270000
1456:-90000,-270000
1457:-75000,-270000
1458:-60000,-270000
1459:-45000,-270000
1460:-30000,-270000
1461:-15000,-270000
1462:0,-270000
1463:15000,-270000
1464:30000,-270000
1465:45000,-270000
1466:60000,-270000
1467:75000,-270000
1468:90000,-270000
1469:105000,-270000
1470:120000,-270000
1471:135000,-270000
1472:150000,-270000
1473:165000,-270000
1474:180000,-270000
1475:195000,-270000
1476:210000,-270000
1477:225000,-270000
1478:240000,-270000
1479:255000,-270000
1480:270000,-270000
1481:270000,-285000
1482:255000,-285000
1483:240000,-285000
1484:225000,-285000
1485:210000,-285000
1486:195000,-285000
1487:180000,-285000
1488:165000,-285000
1489:150000,-285000
1490:135000,-285000
1491:120000,-285000
1492:105000,-285000
1493:90000,-285000
1494:75000,-285000
1495:60000,-285000
1496:45000,-285000
1497:30000,-285000
1498:15000,-285000
1499:0,-285000
1500:-15000,-285000
1501:-30000,-285000
1502:-45000,-285000
1503:-60000,-285000
1504:-75000,-285000
1505:-90000,-285000
1506:-105000,-285000
1507:-120000,-285000
1508:-135000,-285000
1509:-150000,-285000
1510:-165000,-285000
1511:-180000,-285000
1512:-195000,-285000
1513:-210000,-285000
1514:-225000,-285000
1515:-240000,-285000
1516:-255000,-285000
1517:-270000,-285000
1518:-270000,-300000
1519:-255000,-300000
1520:-240000,-300000
1521:-225000,-300000
1522:-210000,-300000
1523:-195000,-300000
1524:-180000,-300000
1525:-165000,-300000
1526:-150000,-300000
1527:-135000,-300000
1528:-120000,-300000
1529:-105000,-300000
1530:-90000,-300000
1531:-75000,-300000
1532:-60000,-300000
1533:-45000,-300000
1534:-30000,-300000
1535:-15000,-300000
1536:0,-300000
1537:15000,-300000
1538:30000,-300000
1539:45000,-300000
1540:60000,-300000
1541:75000,-300000
1542:90000,-300000
1543:105000,-300000
1544:120000,-300000
1545:135000,-300000
1546:150000,-300000
1547:165000,-300000
1548:180000,-300000
1549:195000,-300000
1550:210000,-300000
1551:225000,-300000
1552:240000,-300000
1553:255000,-300000
1554:270000,-300000
1555:270000,-315000
1556:255000,-315000
1557:240000,-315000
1558:225000,-315000
1559:210000,-315000
1560:195000,-315000
1561:180000,-315000
1562:165000,-315000
1563:150000,-315000
1564:135000,-315000
1565:120000,-315000
1566:105000,-315000
1567:90000,-315000
1568:75000,-315000
1569:60000,-315000
1570:45000,-315000
1571:30000,-315000
1572:15000,-315000
1573:0,-315000
1574:-15000,-315000
1575:-30000,-315000
1576:-45000,-315000
1577:-60000,-315000
1578:-75000,-315000
1579:-90000,-315000
1580:-105000,-315000
1581:-120000,-315000
1582:-135000,-315000
1583:-150000,-315000
1584:-165000,-315000
1585:-180000,-315000
1586:-195000,-315000
1587:-210000,-315000
1588:-225000,-315000
1589:-240000,-315000
1590:-255000,-315000
1591:-270000,-315000

